chevents.c:103:6:chEvtRegisterMaskWithFlags	8	static
chevents.c:133:6:chEvtUnregister	0	static
chevents.c:162:13:chEvtGetAndClearEvents	0	static
chevents.c:182:13:chEvtAddEvents	0	static
chevents.c:241:14:chEvtGetAndClearFlags	0	static
chevents.c:282:6:chEvtSignalI	8	static
chevents.c:209:6:chEvtBroadcastFlagsI	16	static
chevents.c:260:6:chEvtSignal	8	static
chevents.c:311:6:chEvtBroadcastFlags	8	static
chevents.c:330:14:chEvtGetAndClearFlagsI	0	static
chevents.c:348:6:chEvtDispatch	24	static
chevents.c:383:13:chEvtWaitOne	16	static
chevents.c:413:13:chEvtWaitAny	16	static
chevents.c:441:13:chEvtWaitAll	16	static
chevents.c:479:13:chEvtWaitOneTimeout	16	static
chevents.c:522:13:chEvtWaitAnyTimeout	16	static
chevents.c:563:13:chEvtWaitAllTimeout	16	static
