hal_serial_usb.c:168:13:obnotify	24	static
hal_serial_usb.c:141:13:ibnotify	16	static
hal_serial_usb.c:122:15:readt	16	static
hal_serial_usb.c:113:15:writet	16	static
hal_serial_usb.c:104:14:gett	8	static
hal_serial_usb.c:86:14:get	8	static
hal_serial_usb.c:95:14:putt	8	static
hal_serial_usb.c:77:14:put	8	static
hal_serial_usb.c:67:15:read	8	static
hal_serial_usb.c:57:15:write	8	static
hal_serial_usb.c:201:6:sduInit	0	static
hal_serial_usb.c:213:6:sduObjectInit	16	static
hal_serial_usb.c:234:6:sduStart	0	static
hal_serial_usb.c:293:6:sduDisconnectI	8	static
hal_serial_usb.c:261:6:sduStop	8	static
hal_serial_usb.c:308:6:sduConfigureHookI	16	static
hal_serial_usb.c:339:6:sduRequestsHook	0	static
hal_serial_usb.c:369:6:sduSOFHookI	24	static
hal_serial_usb.c:404:6:sduDataTransmitted	32	static
hal_serial_usb.c:456:6:sduDataReceived	16	static
hal_serial_usb.c:494:6:sduInterruptTransmitted	0	static
