hal_serial.c:87:15:readt	8	static
hal_serial.c:56:15:read	8	static
hal_serial.c:82:15:writet	8	static
hal_serial.c:50:15:write	8	static
hal_serial.c:77:14:gett	8	static
hal_serial.c:67:14:get	8	static
hal_serial.c:72:14:putt	8	static
hal_serial.c:62:14:put	8	static
hal_serial.c:108:6:sdInit	8	static
hal_serial.c:128:6:sdObjectInit	24	static
hal_serial.c:147:6:sdStart	8	static
hal_serial.c:168:6:sdStop	8	static
hal_serial.c:199:6:sdIncomingDataI	16	static
hal_serial.c:225:7:sdRequestDataI	16	static
hal_serial.c:252:6:sdPutWouldBlock	0	static
hal_serial.c:277:6:sdGetWouldBlock	0	static
