hal_buffers.c:75:6:ibqObjectInit	12	static
hal_buffers.c:106:6:ibqResetI	8	static
hal_buffers.c:128:10:ibqGetEmptyBufferI	0	static
hal_buffers.c:147:6:ibqPostFullBufferI	8	static
hal_buffers.c:219:9:ibqGetFullBufferTimeoutS	16	static
hal_buffers.c:188:7:ibqGetFullBufferTimeout	8	static
hal_buffers.c:248:6:ibqReleaseEmptyBuffer	8	static
hal_buffers.c:263:8:ibqReleaseEmptyBufferS	8	static
hal_buffers.c:302:7:ibqGetTimeout	16	static
hal_buffers.c:351:8:ibqReadTimeout	48	static
hal_buffers.c:443:6:obqObjectInit	8	static
hal_buffers.c:474:6:obqResetI	8	static
hal_buffers.c:497:10:obqGetFullBufferI	0	static
hal_buffers.c:519:6:obqReleaseEmptyBufferI	8	static
hal_buffers.c:586:9:obqGetEmptyBufferTimeoutS	16	static
hal_buffers.c:555:7:obqGetEmptyBufferTimeout	8	static
hal_buffers.c:616:6:obqPostFullBuffer	8	static
hal_buffers.c:632:6:obqPostFullBufferS	8	static
hal_buffers.c:676:7:obqPutTimeout	16	static
hal_buffers.c:726:8:obqWriteTimeout	48	static
hal_buffers.c:819:6:obqTryFlushI	0	static
hal_buffers.c:856:6:obqFlush	8	static
