hal_spi_lld.c:158:13:spi_lld_serve_tx_interrupt	8	static
hal_spi_lld.c:132:13:spi_lld_serve_rx_interrupt	8	static
hal_spi_lld.c:185:6:spi_lld_init	8	static
hal_spi_lld.c:303:6:spi_lld_start	24	static
hal_spi_lld.c:442:6:spi_lld_stop	8	static
hal_spi_lld.c:487:6:spi_lld_select	0	static
hal_spi_lld.c:500:6:spi_lld_unselect	0	static
hal_spi_lld.c:516:6:spi_lld_ignore	8	static
hal_spi_lld.c:545:6:spi_lld_exchange	12	static
hal_spi_lld.c:573:6:spi_lld_send	8	static
hal_spi_lld.c:600:6:spi_lld_receive	8	static
hal_spi_lld.c:626:10:spi_lld_polled_exchange	12	static
