hal_usb.c:64:13:set_address	8	static
hal_usb.c:254:6:usbInit	8	static
hal_usb.c:266:6:usbObjectInit	0	static
hal_usb.c:287:6:usbStart	8	static
hal_usb.c:311:6:usbStop	8	static
hal_usb.c:355:6:usbInitEndpointI	16	static
hal_usb.c:390:6:usbDisableEndpointsI	8	static
hal_usb.c:434:6:usbStartReceiveI	16	static
hal_usb.c:473:6:usbStartTransmitI	16	static
hal_usb.c:580:6:usbStallReceiveI	8	static
hal_usb.c:605:6:usbStallTransmitI	8	static
hal_usb.c:627:6:_usb_reset	8	static
hal_usb.c:677:6:_usb_suspend	8	static
hal_usb.c:715:6:_usb_wakeup	8	static
hal_usb.c:734:6:_usb_ep0setup	24	static
hal_usb.c:832:6:_usb_ep0in	8	static
hal_usb.c:899:6:_usb_ep0out	8	static
