hal_spi.c:56:6:spiInit	8	static
hal_spi.c:68:6:spiObjectInit	8	static
hal_spi.c:91:6:spiStart	8	static
hal_spi.c:113:6:spiStop	8	static
hal_spi.c:132:6:spiSelect	8	static
hal_spi.c:150:6:spiUnselect	8	static
hal_spi.c:173:6:spiStartIgnore	8	static
hal_spi.c:200:6:spiStartExchange	8	static
hal_spi.c:227:6:spiStartSend	8	static
hal_spi.c:252:6:spiStartReceive	8	static
hal_spi.c:277:6:spiIgnore	8	static
hal_spi.c:307:6:spiExchange	8	static
hal_spi.c:337:6:spiSend	8	static
hal_spi.c:365:6:spiReceive	8	static
hal_spi.c:390:6:spiAcquireBus	8	static
hal_spi.c:406:6:spiReleaseBus	8	static
