main.c:226:13:cmd_pause	0	static
main.c:925:13:freq_mode_startstop	8	static
main.c:1185:13:eterm_calc_er	56	static
main.c:886:13:set_frequencies	56	static
main.c:901:13:update_frequencies	48	static
main.c:1381:13:cal_interpolate	80	static
main.c:234:13:cmd_resume	8	static
main.c:2065:13:cmd_vbat	8	static
main.c:818:13:cmd_scan	32	static
main.c:1871:13:cmd_frequencies	24	static
main.c:508:13:cmd_data	48	static
main.c:2058:13:cmd_version	8	static
main.c:1901:13:cmd_transform	48	static
main.c:612:13:cmd_sample	16	static
main.c:567:13:cmd_capture	40	static
main.c:1518:13:cmd_save	16	static
main.c:1862:13:cmd_touchtest	16	static
main.c:1847:13:cmd_touchcal	24	static
main.c:1936:13:cmd_test	24	static
main.c:2015:13:cmd_stat	32	static
main.c:406:13:cmd_saveconfig	8	static
main.c:470:13:i2s_end_callback	8	static
main.c:2128:13:cmd_vbat_offset	8	static
main.c:392:13:cmd_threshold	16	static
main.c:1531:13:cmd_recall	16	static
main.c:1785:13:cmd_marker	40	static
main.c:309:12:set_frequency.part.4	24	static
main.c:353:13:cmd_power	8	static
main.c:327:13:cmd_offset	16	static
main.c:339:13:cmd_freq	16	static
main.c:1990:13:cmd_gain	16	static
main.c:2004:13:cmd_port	8	static
main.c:414:13:cmd_clearconfig	16	static
main.c:249:13:cmd_reset	8	static
main.c:64:8:Thread1	120	static
main.c:121:6:toggle_sweep	0	static
main.c:948:6:set_sweep_frequency	24	static
main.c:1062:13:cmd_sweep	24	static
main.c:1039:10:get_sweep_frequency	0	static
main.c:1308:6:cal_collect	16	static
main.c:1345:6:cal_done	72	static
main.c:1448:13:cmd_cal	80	static
main.c:1571:13:get_trace_typename	0	static
main.c:1576:6:set_trace_type	32	static
main.c:1602:6:set_trace_channel	8	static
main.c:1610:6:set_trace_scale	16	static
main.c:1619:7:get_trace_scale	8	static
main.c:1624:6:set_trace_refpos	16	static
main.c:1632:7:get_trace_refpos	0	static
main.c:1637:8:my_atof	40	static
main.c:1673:13:cmd_trace	64	static
main.c:1773:13:cmd_edelay	16	static
main.c:1760:6:set_electrical_delay	16	static
main.c:1768:7:get_electrical_delay	0	static
main.c:2212:5:main	32	static
main.c:2317:6:HardFault_Handler	0	static
