plot.c:562:12:string_value_with_prefix	40	static
plot.c:1743:13:frequency_string	32	static
plot.c:474:14:swr	16	static
plot.c:867:13:cell_drawline	48	static
plot.c:1613:13:cell_drawchar_7x13	48	static
plot.c:441:14:group_delay.constprop	32	static
plot.c:1117:13:markmap_marker.part.2	48	static
plot.c:64:6:update_grid	24	static
plot.c:708:6:trace_get_info	32	static
plot.c:1290:13:draw_all_cells	216	static
plot.c:769:13:force_set_markmap	8	static
plot.c:819:6:plot_into_index	80	static
plot.c:1068:6:marker_position	16	static
plot.c:1075:5:search_nearest_index	48	static
plot.c:1318:6:redraw_marker	8	static
plot.c:1330:6:request_to_draw_cells_behind_menu	16	static
plot.c:1339:6:request_to_draw_cells_behind_numeric_input	20	static
plot.c:1767:6:draw_frequencies	56	static
plot.c:1815:1:draw_cal_status	32	static
plot.c:1307:6:draw_all	8	static
plot.c:1857:6:draw_battery_status	24	static
plot.c:1929:1:request_to_redraw_grid	8	static
plot.c:1936:1:redraw_frame	16	static
plot.c:1944:1:plot_init	8	static
