ui.c:353:12:btn_check	24	static
ui.c:392:12:btn_wait_release	36	static
ui.c:2186:13:extcb1	0	static
ui.c:472:13:touch_prepare_sense	16	static
ui.c:1348:13:draw_numeric_area_frame	16	static
ui.c:453:12:touch_measure_x	16	static
ui.c:434:12:touch_measure_y	16	static
ui.c:496:12:touch_check	16	static
ui.c:1359:13:draw_numeric_input	72	static
ui.c:1658:13:draw_numeric_area	24	static
ui.c:1335:13:draw_keypad	48	static
ui.c:1464:13:draw_menu_buttons	48	static
ui.c:1666:13:ui_mode_menu	8	static
ui.c:785:13:menu_cal2_cb	8	static
ui.c:1182:13:menu_push_submenu	24	static
ui.c:752:13:menu_calop_cb	8	static
ui.c:1701:13:ui_mode_keypad	8	static
ui.c:1791:12:keypad_click	24	static
ui.c:1120:13:active_marker_select.part.0	0	static
ui.c:1120:13:active_marker_select	8	static
ui.c:1135:13:menu_marker_sel_cb	16	static
ui.c:1565:13:leave_ui_mode	16	static
ui.c:1723:13:ui_mode_normal.part.2	8	static
ui.c:1078:13:menu_marker_op_cb	8	static
ui.c:920:13:menu_format2_cb	8	static
ui.c:895:13:menu_format_cb	8	static
ui.c:2000:13:ui_process_keypad	32	static
ui.c:956:13:menu_transform_window_cb	8	static
ui.c:1683:13:ui_mode_numeric.part.4	24	static
ui.c:975:13:menu_transform_cb	8	static
ui.c:1024:13:menu_scale_cb	8	static
ui.c:1172:13:menu_move_back	24	static
ui.c:776:13:menu_caldone_cb	8	static
ui.c:802:13:menu_recall_cb	8	static
ui.c:850:13:menu_save_cb	8	static
ui.c:947:13:menu_channel_cb	8	static
ui.c:1204:13:menu_invoke	8	static
ui.c:874:13:menu_trace_cb	8	static
ui.c:1041:13:menu_stimulus_cb	8	static
ui.c:484:6:touch_start_watchdog	8	static
ui.c:534:6:touch_cal_exec	40	static
ui.c:579:6:touch_draw_test	48	static
ui.c:611:6:touch_position	16	static
ui.c:637:1:show_logo	24	static
ui.c:619:1:show_version	8	static
ui.c:814:13:menu_config_cb	8	static
ui.c:729:6:enter_dfu	16	static
ui.c:842:13:menu_dfu_cb	8	static
ui.c:2172:6:ui_process	56	static
ui.c:2228:6:test_touch	16	static
ui.c:2238:6:handle_touch_interrupt	0	static
ui.c:2243:6:ui_init	8	static
