Archive member included to satisfy reference by file (symbol)

/opt/nanovna/gcc-arm-none-eabi-8-2018-q4-major/bin/../lib/gcc/arm-none-eabi/8.2.1/../../../../arm-none-eabi/lib/thumb/v6-m/nofp/libm.a(lib_a-s_cos.o)
                              buildAA/obj/main.o (cos)
/opt/nanovna/gcc-arm-none-eabi-8-2018-q4-major/bin/../lib/gcc/arm-none-eabi/8.2.1/../../../../arm-none-eabi/lib/thumb/v6-m/nofp/libm.a(lib_a-s_sin.o)
                              buildAA/obj/main.o (sin)
/opt/nanovna/gcc-arm-none-eabi-8-2018-q4-major/bin/../lib/gcc/arm-none-eabi/8.2.1/../../../../arm-none-eabi/lib/thumb/v6-m/nofp/libm.a(lib_a-w_sqrt.o)
                              buildAA/obj/main.o (sqrt)
/opt/nanovna/gcc-arm-none-eabi-8-2018-q4-major/bin/../lib/gcc/arm-none-eabi/8.2.1/../../../../arm-none-eabi/lib/thumb/v6-m/nofp/libm.a(lib_a-wf_atan2.o)
                              buildAA/obj/plot.o (atan2f)
/opt/nanovna/gcc-arm-none-eabi-8-2018-q4-major/bin/../lib/gcc/arm-none-eabi/8.2.1/../../../../arm-none-eabi/lib/thumb/v6-m/nofp/libm.a(lib_a-wf_log10.o)
                              buildAA/obj/plot.o (log10f)
/opt/nanovna/gcc-arm-none-eabi-8-2018-q4-major/bin/../lib/gcc/arm-none-eabi/8.2.1/../../../../arm-none-eabi/lib/thumb/v6-m/nofp/libm.a(lib_a-wf_sqrt.o)
                              buildAA/obj/main.o (sqrtf)
/opt/nanovna/gcc-arm-none-eabi-8-2018-q4-major/bin/../lib/gcc/arm-none-eabi/8.2.1/../../../../arm-none-eabi/lib/thumb/v6-m/nofp/libm.a(lib_a-e_rem_pio2.o)
                              /opt/nanovna/gcc-arm-none-eabi-8-2018-q4-major/bin/../lib/gcc/arm-none-eabi/8.2.1/../../../../arm-none-eabi/lib/thumb/v6-m/nofp/libm.a(lib_a-s_cos.o) (__ieee754_rem_pio2)
/opt/nanovna/gcc-arm-none-eabi-8-2018-q4-major/bin/../lib/gcc/arm-none-eabi/8.2.1/../../../../arm-none-eabi/lib/thumb/v6-m/nofp/libm.a(lib_a-e_sqrt.o)
                              /opt/nanovna/gcc-arm-none-eabi-8-2018-q4-major/bin/../lib/gcc/arm-none-eabi/8.2.1/../../../../arm-none-eabi/lib/thumb/v6-m/nofp/libm.a(lib_a-w_sqrt.o) (__ieee754_sqrt)
/opt/nanovna/gcc-arm-none-eabi-8-2018-q4-major/bin/../lib/gcc/arm-none-eabi/8.2.1/../../../../arm-none-eabi/lib/thumb/v6-m/nofp/libm.a(lib_a-ef_atan2.o)
                              /opt/nanovna/gcc-arm-none-eabi-8-2018-q4-major/bin/../lib/gcc/arm-none-eabi/8.2.1/../../../../arm-none-eabi/lib/thumb/v6-m/nofp/libm.a(lib_a-wf_atan2.o) (__ieee754_atan2f)
/opt/nanovna/gcc-arm-none-eabi-8-2018-q4-major/bin/../lib/gcc/arm-none-eabi/8.2.1/../../../../arm-none-eabi/lib/thumb/v6-m/nofp/libm.a(lib_a-ef_log10.o)
                              /opt/nanovna/gcc-arm-none-eabi-8-2018-q4-major/bin/../lib/gcc/arm-none-eabi/8.2.1/../../../../arm-none-eabi/lib/thumb/v6-m/nofp/libm.a(lib_a-wf_log10.o) (__ieee754_log10f)
/opt/nanovna/gcc-arm-none-eabi-8-2018-q4-major/bin/../lib/gcc/arm-none-eabi/8.2.1/../../../../arm-none-eabi/lib/thumb/v6-m/nofp/libm.a(lib_a-ef_sqrt.o)
                              /opt/nanovna/gcc-arm-none-eabi-8-2018-q4-major/bin/../lib/gcc/arm-none-eabi/8.2.1/../../../../arm-none-eabi/lib/thumb/v6-m/nofp/libm.a(lib_a-wf_sqrt.o) (__ieee754_sqrtf)
/opt/nanovna/gcc-arm-none-eabi-8-2018-q4-major/bin/../lib/gcc/arm-none-eabi/8.2.1/../../../../arm-none-eabi/lib/thumb/v6-m/nofp/libm.a(lib_a-k_cos.o)
                              /opt/nanovna/gcc-arm-none-eabi-8-2018-q4-major/bin/../lib/gcc/arm-none-eabi/8.2.1/../../../../arm-none-eabi/lib/thumb/v6-m/nofp/libm.a(lib_a-s_cos.o) (__kernel_cos)
/opt/nanovna/gcc-arm-none-eabi-8-2018-q4-major/bin/../lib/gcc/arm-none-eabi/8.2.1/../../../../arm-none-eabi/lib/thumb/v6-m/nofp/libm.a(lib_a-k_rem_pio2.o)
                              /opt/nanovna/gcc-arm-none-eabi-8-2018-q4-major/bin/../lib/gcc/arm-none-eabi/8.2.1/../../../../arm-none-eabi/lib/thumb/v6-m/nofp/libm.a(lib_a-e_rem_pio2.o) (__kernel_rem_pio2)
/opt/nanovna/gcc-arm-none-eabi-8-2018-q4-major/bin/../lib/gcc/arm-none-eabi/8.2.1/../../../../arm-none-eabi/lib/thumb/v6-m/nofp/libm.a(lib_a-k_sin.o)
                              /opt/nanovna/gcc-arm-none-eabi-8-2018-q4-major/bin/../lib/gcc/arm-none-eabi/8.2.1/../../../../arm-none-eabi/lib/thumb/v6-m/nofp/libm.a(lib_a-s_cos.o) (__kernel_sin)
/opt/nanovna/gcc-arm-none-eabi-8-2018-q4-major/bin/../lib/gcc/arm-none-eabi/8.2.1/../../../../arm-none-eabi/lib/thumb/v6-m/nofp/libm.a(lib_a-s_fabs.o)
                              /opt/nanovna/gcc-arm-none-eabi-8-2018-q4-major/bin/../lib/gcc/arm-none-eabi/8.2.1/../../../../arm-none-eabi/lib/thumb/v6-m/nofp/libm.a(lib_a-e_rem_pio2.o) (fabs)
/opt/nanovna/gcc-arm-none-eabi-8-2018-q4-major/bin/../lib/gcc/arm-none-eabi/8.2.1/../../../../arm-none-eabi/lib/thumb/v6-m/nofp/libm.a(lib_a-s_floor.o)
                              /opt/nanovna/gcc-arm-none-eabi-8-2018-q4-major/bin/../lib/gcc/arm-none-eabi/8.2.1/../../../../arm-none-eabi/lib/thumb/v6-m/nofp/libm.a(lib_a-k_rem_pio2.o) (floor)
/opt/nanovna/gcc-arm-none-eabi-8-2018-q4-major/bin/../lib/gcc/arm-none-eabi/8.2.1/../../../../arm-none-eabi/lib/thumb/v6-m/nofp/libm.a(lib_a-s_lib_ver.o)
[...]
Memory Configuration

Name             Origin             Length             Attributes
flash0           0x0000000008000000 0x0000000000019800
flash1           0x0000000000000000 0x0000000000000000
flash2           0x0000000000000000 0x0000000000000000
flash3           0x0000000000000000 0x0000000000000000
flash4           0x0000000000000000 0x0000000000000000
flash5           0x0000000000000000 0x0000000000000000
flash6           0x0000000000000000 0x0000000000000000
flash7           0x0000000008019800 0x0000000000006800
ram0             0x0000000020000000 0x0000000000004000
ram1             0x0000000000000000 0x0000000000000000
ram2             0x0000000000000000 0x0000000000000000
ram3             0x0000000000000000 0x0000000000000000
ram4             0x0000000000000000 0x0000000000000000
ram5             0x0000000000000000 0x0000000000000000
ram6             0x0000000000000000 0x0000000000000000
ram7             0x0000000000000000 0x0000000000000000
*default*        0x0000000000000000 0xffffffffffffffff

Linker script and memory map

LOAD buildAA/obj/crt0_v6m.o
LOAD buildAA/obj/chcoreasm_v6m.o
LOAD buildAA/obj/crt1.o
LOAD buildAA/obj/vectors.o
LOAD buildAA/obj/chsys.o
LOAD buildAA/obj/chdebug.o
LOAD buildAA/obj/chtrace.o
LOAD buildAA/obj/chvt.o
LOAD buildAA/obj/chschd.o
LOAD buildAA/obj/chthreads.o
LOAD buildAA/obj/chregistry.o
LOAD buildAA/obj/chmtx.o
LOAD buildAA/obj/chevents.o
LOAD buildAA/obj/chcore.o
LOAD buildAA/obj/chcore_v6m.o
LOAD buildAA/obj/osal.o
LOAD buildAA/obj/hal.o
LOAD buildAA/obj/hal_st.o
LOAD buildAA/obj/hal_buffers.o
LOAD buildAA/obj/hal_queues.o
LOAD buildAA/obj/hal_mmcsd.o
LOAD buildAA/obj/hal_dac.o
LOAD buildAA/obj/hal_ext.o
LOAD buildAA/obj/hal_gpt.o
LOAD buildAA/obj/hal_i2c.o
LOAD buildAA/obj/hal_i2s.o
LOAD buildAA/obj/hal_pal.o
LOAD buildAA/obj/hal_rtc.o
LOAD buildAA/obj/hal_serial.o
LOAD buildAA/obj/hal_serial_usb.o
LOAD buildAA/obj/hal_spi.o
LOAD buildAA/obj/hal_usb.o
LOAD buildAA/obj/nvic.o
LOAD buildAA/obj/hal_lld.o
LOAD buildAA/obj/stm32_dma.o
LOAD buildAA/obj/hal_st_lld.o
LOAD buildAA/obj/hal_dac_lld.o
LOAD buildAA/obj/hal_ext_lld.o
LOAD buildAA/obj/hal_ext_lld_isr.o
LOAD buildAA/obj/hal_pal_lld.o
LOAD buildAA/obj/hal_i2c_lld.o
LOAD buildAA/obj/hal_rtc_lld.o
LOAD buildAA/obj/hal_i2s_lld.o
LOAD buildAA/obj/hal_spi_lld.o
LOAD buildAA/obj/hal_gpt_lld.o
LOAD buildAA/obj/hal_serial_lld.o
LOAD buildAA/obj/hal_usb_lld.o
LOAD buildAA/obj/board.o
LOAD buildAA/obj/chprintf.o
LOAD buildAA/obj/memstreams.o
LOAD buildAA/obj/nullstreams.o
LOAD buildAA/obj/shell.o
LOAD buildAA/obj/shell_cmd.o
LOAD buildAA/obj/usbcfg.o
LOAD buildAA/obj/main.o
LOAD buildAA/obj/si5351.o
LOAD buildAA/obj/tlv320aic3204.o
LOAD buildAA/obj/dsp.o
LOAD buildAA/obj/plot.o
LOAD buildAA/obj/ui.o
LOAD buildAA/obj/ili9341.o
LOAD buildAA/obj/numfont20x22.o
LOAD buildAA/obj/Font7x13b.o
LOAD buildAA/obj/flash.o
LOAD buildAA/obj/adc.o

.mstack         0x0000000020000000      0x200
                0x0000000020000000                . = ALIGN (0x8)
                0x0000000020000000                __main_stack_base__ = .
                0x0000000020000200                . = (. + __main_stack_size__)
 *fill*         0x0000000020000000      0x200 
                0x0000000020000200                . = ALIGN (0x8)
                0x0000000020000200                __main_stack_end__ = .

.pstack         0x0000000020000200      0x200
                0x0000000020000200                __process_stack_base__ = .
                0x0000000020000200                __main_thread_stack_base__ = .
                0x0000000020000400                . = (. + __process_stack_size__)
 *fill*         0x0000000020000200      0x200 
                0x0000000020000400                . = ALIGN (0x8)
                0x0000000020000400                __process_stack_end__ = .
                0x0000000020000400                __main_thread_stack_end__ = .

vectors         0x0000000008000000       0xc0
 *(.vectors)
 .vectors       0x0000000008000000       0xc0 buildAA/obj/vectors.o
                0x0000000008000000                _vectors

xtors           0x00000000080000c0        0x0
                0x00000000080000c0                __init_array_start = .
 *(SORT_BY_NAME(.init_array.*))
 *(.init_array)
                0x00000000080000c0                __init_array_end = .
                0x00000000080000c0                __fini_array_start = .
 *(.fini_array)
 *(SORT_BY_NAME(.fini_array.*))
                0x00000000080000c0                __fini_array_end = .

.text           0x00000000080000c0    0x131e8
 *(.text)
 .text          0x00000000080000c0       0xc8 buildAA/obj/crt0_v6m.o
                0x00000000080000c0                Reset_Handler
 *fill*         0x0000000008000188        0x8 
 .text          0x0000000008000190       0x40 buildAA/obj/chcoreasm_v6m.o
                0x0000000008000190                _port_switch
                0x00000000080001b0                _port_thread_start
                0x00000000080001bc                _port_switch_from_isr
                0x00000000080001c0                _port_exit_from_isr
 .text          0x00000000080001d0      0x114 /opt/nanovna/gcc-arm-none-eabi-8-2018-q4-major/bin/../lib/gcc/arm-none-eabi/8.2.1/thumb/v6-m/nofp/libgcc.a(_udivsi3.o)
                0x00000000080001d0                __udivsi3
                0x00000000080001d0                __aeabi_uidiv
                0x00000000080002dc                __aeabi_uidivmod
 *fill*         0x00000000080002e4        0xc 
 .text          0x00000000080002f0      0x1d4 /opt/nanovna/gcc-arm-none-eabi-8-2018-q4-major/bin/../lib/gcc/arm-none-eabi/8.2.1/thumb/v6-m/nofp/libgcc.a(_divsi3.o)
                0x00000000080002f0                __aeabi_idiv
                0x00000000080002f0                __divsi3
                0x00000000080004bc                __aeabi_idivmod
 *fill*         0x00000000080004c4        0xc 
 .text          0x00000000080004d0        0x4 /opt/nanovna/gcc-arm-none-eabi-8-2018-q4-major/bin/../lib/gcc/arm-none-eabi/8.2.1/thumb/v6-m/nofp/libgcc.a(_dvmd_tls.o)
                0x00000000080004d0                __aeabi_ldiv0
                0x00000000080004d0                __aeabi_idiv0
 *fill*         0x00000000080004d4        0xc 
 .text          0x00000000080004e0       0x7c /opt/nanovna/gcc-arm-none-eabi-8-2018-q4-major/bin/../lib/gcc/arm-none-eabi/8.2.1/thumb/v6-m/nofp/libgcc.a(_arm_cmpdf2.o)
                0x00000000080004e0                __aeabi_cdrcmple
                0x00000000080004f0                __aeabi_cdcmple
                0x00000000080004f0                __aeabi_cdcmpeq
                0x0000000008000500                __aeabi_dcmpeq
                0x000000000800050c                __aeabi_dcmplt
                0x0000000008000520                __aeabi_dcmple
                0x0000000008000534                __aeabi_dcmpgt
                0x0000000008000548                __aeabi_dcmpge
 *fill*         0x000000000800055c        0x4 
 .text          0x0000000008000560       0x74 /opt/nanovna/gcc-arm-none-eabi-8-2018-q4-major/bin/../lib/gcc/arm-none-eabi/8.2.1/thumb/v6-m/nofp/libgcc.a(_arm_cmpsf2.o)
                0x0000000008000560                __aeabi_cfrcmple
                0x0000000008000568                __aeabi_cfcmple
                0x0000000008000568                __aeabi_cfcmpeq
                0x0000000008000578                __aeabi_fcmpeq
                0x0000000008000584                __aeabi_fcmplt
                0x0000000008000598                __aeabi_fcmple
                0x00000000080005ac                __aeabi_fcmpgt
                0x00000000080005c0                __aeabi_fcmpge
 *fill*         0x00000000080005d4        0xc 
 .text          0x00000000080005e0       0x48 /opt/nanovna/gcc-arm-none-eabi-8-2018-q4-major/bin/../lib/gcc/arm-none-eabi/8.2.1/thumb/v6-m/nofp/libgcc.a(_aeabi_ldivmod.o)
                0x00000000080005e0                __aeabi_ldivmod
 *fill*         0x0000000008000628        0x8 
 .text          0x0000000008000630       0x40 /opt/nanovna/gcc-arm-none-eabi-8-2018-q4-major/bin/../lib/gcc/arm-none-eabi/8.2.1/thumb/v6-m/nofp/libgcc.a(_aeabi_uldivmod.o)
                0x0000000008000630                __aeabi_uldivmod
 .text          0x0000000008000670       0x54 /opt/nanovna/gcc-arm-none-eabi-8-2018-q4-major/bin/../lib/gcc/arm-none-eabi/8.2.1/thumb/v6-m/nofp/libgcc.a(_muldi3.o)
                0x0000000008000670                __aeabi_lmul
                0x0000000008000670                __muldi3
 *fill*         0x00000000080006c4        0xc 
 .text          0x00000000080006d0       0x30 /opt/nanovna/gcc-arm-none-eabi-8-2018-q4-major/bin/../lib/gcc/arm-none-eabi/8.2.1/thumb/v6-m/nofp/libgcc.a(_fixunssfsi.o)
                0x00000000080006d0                __aeabi_f2uiz
                0x00000000080006d0                __fixunssfsi
 .text          0x0000000008000700       0x3c /opt/nanovna/gcc-arm-none-eabi-8-2018-q4-major/bin/../lib/gcc/arm-none-eabi/8.2.1/thumb/v6-m/nofp/libgcc.a(_fixunsdfsi.o)
                0x0000000008000700                __fixunsdfsi
                0x0000000008000700                __aeabi_d2uiz
 *fill*         0x000000000800073c        0x4 
 .text          0x0000000008000740      0x1a4 /opt/nanovna/gcc-arm-none-eabi-8-2018-q4-major/bin/../lib/gcc/arm-none-eabi/8.2.1/thumb/v6-m/nofp/libgcc.a(_udivmoddi4.o)
                0x0000000008000740                __udivmoddi4
 *fill*         0x00000000080008e4        0xc 
 .text          0x00000000080008f0       0x38 /opt/nanovna/gcc-arm-none-eabi-8-2018-q4-major/bin/../lib/gcc/arm-none-eabi/8.2.1/thumb/v6-m/nofp/libgcc.a(bpabi.o)
                0x00000000080008f0                __gnu_ldivmod_helper
 *fill*         0x0000000008000928        0x8 
 .text          0x0000000008000930      0x2f8 /opt/nanovna/gcc-arm-none-eabi-8-2018-q4-major/bin/../lib/gcc/arm-none-eabi/8.2.1/thumb/v6-m/nofp/libgcc.a(addsf3.o)
                0x0000000008000930                __aeabi_fadd
 *fill*         0x0000000008000c28        0x8 
 .text          0x0000000008000c30      0x230 /opt/nanovna/gcc-arm-none-eabi-8-2018-q4-major/bin/../lib/gcc/arm-none-eabi/8.2.1/thumb/v6-m/nofp/libgcc.a(divsf3.o)
                0x0000000008000c30                __aeabi_fdiv
 .text          0x0000000008000e60       0x50 /opt/nanovna/gcc-arm-none-eabi-8-2018-q4-major/bin/../lib/gcc/arm-none-eabi/8.2.1/thumb/v6-m/nofp/libgcc.a(eqsf2.o)
                0x0000000008000e60                __nesf2
                0x0000000008000e60                __eqsf2
 .text          0x0000000008000eb0       0x9c /opt/nanovna/gcc-arm-none-eabi-8-2018-q4-major/bin/../lib/gcc/arm-none-eabi/8.2.1/thumb/v6-m/nofp/libgcc.a(gesf2.o)
                0x0000000008000eb0                __gtsf2
                0x0000000008000eb0                __gesf2
 *fill*         0x0000000008000f4c        0x4 
 .text          0x0000000008000f50       0x9c /opt/nanovna/gcc-arm-none-eabi-8-2018-q4-major/bin/../lib/gcc/arm-none-eabi/8.2.1/thumb/v6-m/nofp/libgcc.a(lesf2.o)
                0x0000000008000f50                __lesf2
                0x0000000008000f50                __ltsf2
 *fill*         0x0000000008000fec        0x4 
 .text          0x0000000008000ff0      0x22c /opt/nanovna/gcc-arm-none-eabi-8-2018-q4-major/bin/../lib/gcc/arm-none-eabi/8.2.1/thumb/v6-m/nofp/libgcc.a(mulsf3.o)
                0x0000000008000ff0                __aeabi_fmul
 *fill*         0x000000000800121c        0x4 
 .text          0x0000000008001220      0x34c /opt/nanovna/gcc-arm-none-eabi-8-2018-q4-major/bin/../lib/gcc/arm-none-eabi/8.2.1/thumb/v6-m/nofp/libgcc.a(subsf3.o)
                0x0000000008001220                __aeabi_fsub
 *fill*         0x000000000800156c        0x4 
 .text          0x0000000008001570       0x2c /opt/nanovna/gcc-arm-none-eabi-8-2018-q4-major/bin/../lib/gcc/arm-none-eabi/8.2.1/thumb/v6-m/nofp/libgcc.a(unordsf2.o)
                0x0000000008001570                __aeabi_fcmpun
 *fill*         0x000000000800159c        0x4 
 .text          0x00000000080015a0       0x40 /opt/nanovna/gcc-arm-none-eabi-8-2018-q4-major/bin/../lib/gcc/arm-none-eabi/8.2.1/thumb/v6-m/nofp/libgcc.a(fixsfsi.o)
                0x00000000080015a0                __aeabi_f2iz
 .text          0x00000000080015e0       0x94 /opt/nanovna/gcc-arm-none-eabi-8-2018-q4-major/bin/../lib/gcc/arm-none-eabi/8.2.1/thumb/v6-m/nofp/libgcc.a(floatsisf.o)
                0x00000000080015e0                __aeabi_i2f
 *fill*         0x0000000008001674        0xc 
 .text          0x0000000008001680       0x80 /opt/nanovna/gcc-arm-none-eabi-8-2018-q4-major/bin/../lib/gcc/arm-none-eabi/8.2.1/thumb/v6-m/nofp/libgcc.a(floatunsisf.o)
                0x0000000008001680                __aeabi_ui2f
 .text          0x0000000008001700      0x6ec /opt/nanovna/gcc-arm-none-eabi-8-2018-q4-major/bin/../lib/gcc/arm-none-eabi/8.2.1/thumb/v6-m/nofp/libgcc.a(adddf3.o)
                0x0000000008001700                __aeabi_dadd
 *fill*         0x0000000008001dec        0x4 
 .text          0x0000000008001df0      0x5ec /opt/nanovna/gcc-arm-none-eabi-8-2018-q4-major/bin/../lib/gcc/arm-none-eabi/8.2.1/thumb/v6-m/nofp/libgcc.a(divdf3.o)
                0x0000000008001df0                __aeabi_ddiv
 *fill*         0x00000000080023dc        0x4 
 .text          0x00000000080023e0       0x80 /opt/nanovna/gcc-arm-none-eabi-8-2018-q4-major/bin/../lib/gcc/arm-none-eabi/8.2.1/thumb/v6-m/nofp/libgcc.a(eqdf2.o)
                0x00000000080023e0                __eqdf2
                0x00000000080023e0                __nedf2
 .text          0x0000000008002460       0xc8 /opt/nanovna/gcc-arm-none-eabi-8-2018-q4-major/bin/../lib/gcc/arm-none-eabi/8.2.1/thumb/v6-m/nofp/libgcc.a(gedf2.o)
                0x0000000008002460                __gtdf2
                0x0000000008002460                __gedf2
 *fill*         0x0000000008002528        0x8 
 .text          0x0000000008002530       0xc8 /opt/nanovna/gcc-arm-none-eabi-8-2018-q4-major/bin/../lib/gcc/arm-none-eabi/8.2.1/thumb/v6-m/nofp/libgcc.a(ledf2.o)
                0x0000000008002530                __ltdf2
                0x0000000008002530                __ledf2
 *fill*         0x00000000080025f8        0x8 
 .text          0x0000000008002600      0x510 /opt/nanovna/gcc-arm-none-eabi-8-2018-q4-major/bin/../lib/gcc/arm-none-eabi/8.2.1/thumb/v6-m/nofp/libgcc.a(muldf3.o)
                0x0000000008002600                __aeabi_dmul
 .text          0x0000000008002b10      0x730 /opt/nanovna/gcc-arm-none-eabi-8-2018-q4-major/bin/../lib/gcc/arm-none-eabi/8.2.1/thumb/v6-m/nofp/libgcc.a(subdf3.o)
                0x0000000008002b10                __aeabi_dsub
 .text          0x0000000008003240       0x38 /opt/nanovna/gcc-arm-none-eabi-8-2018-q4-major/bin/../lib/gcc/arm-none-eabi/8.2.1/thumb/v6-m/nofp/libgcc.a(unorddf2.o)
                0x0000000008003240                __aeabi_dcmpun
 *fill*         0x0000000008003278        0x8 
 .text          0x0000000008003280       0x6c /opt/nanovna/gcc-arm-none-eabi-8-2018-q4-major/bin/../lib/gcc/arm-none-eabi/8.2.1/thumb/v6-m/nofp/libgcc.a(fixdfsi.o)
                0x0000000008003280                __aeabi_d2iz
 *fill*         0x00000000080032ec        0x4 
 .text          0x00000000080032f0       0x78 /opt/nanovna/gcc-arm-none-eabi-8-2018-q4-major/bin/../lib/gcc/arm-none-eabi/8.2.1/thumb/v6-m/nofp/libgcc.a(floatsidf.o)
                0x00000000080032f0                __aeabi_i2d
 *fill*         0x0000000008003368        0x8 
 .text          0x0000000008003370       0x64 /opt/nanovna/gcc-arm-none-eabi-8-2018-q4-major/bin/../lib/gcc/arm-none-eabi/8.2.1/thumb/v6-m/nofp/libgcc.a(floatunsidf.o)
                0x0000000008003370                __aeabi_ui2d
 *fill*         0x00000000080033d4        0xc 
 .text          0x00000000080033e0       0xa4 /opt/nanovna/gcc-arm-none-eabi-8-2018-q4-major/bin/../lib/gcc/arm-none-eabi/8.2.1/thumb/v6-m/nofp/libgcc.a(extendsfdf2.o)
                0x00000000080033e0                __aeabi_f2d
 *fill*         0x0000000008003484        0xc 
 .text          0x0000000008003490      0x110 /opt/nanovna/gcc-arm-none-eabi-8-2018-q4-major/bin/../lib/gcc/arm-none-eabi/8.2.1/thumb/v6-m/nofp/libgcc.a(truncdfsf2.o)
                0x0000000008003490                __aeabi_d2f
 .text          0x00000000080035a0       0x3c /opt/nanovna/gcc-arm-none-eabi-8-2018-q4-major/bin/../lib/gcc/arm-none-eabi/8.2.1/thumb/v6-m/nofp/libgcc.a(_clzsi2.o)
                0x00000000080035a0                __clzsi2
 *fill*         0x00000000080035dc        0x4 
 .text          0x00000000080035e0       0x18 /opt/nanovna/gcc-arm-none-eabi-8-2018-q4-major/bin/../lib/gcc/arm-none-eabi/8.2.1/thumb/v6-m/nofp/libgcc.a(_clzdi2.o)
                0x00000000080035e0                __clzdi2
 *fill*         0x00000000080035f8        0x8 
 .text          0x0000000008003600      0x1cc /opt/nanovna/gcc-arm-none-eabi-8-2018-q4-major/bin/../lib/gcc/arm-none-eabi/8.2.1/thumb/v6-m/nofp/libgcc.a(_divdi3.o)
                0x0000000008003600                __divdi3
 *fill*         0x00000000080037cc        0x4 
 .text          0x00000000080037d0       0x14 /opt/nanovna/gcc-arm-none-eabi-8-2018-q4-major/bin/../lib/gcc/arm-none-eabi/8.2.1/../../../../arm-none-eabi/lib/thumb/v6-m/nofp/libg_nano.a(lib_a-strcmp.o)
                0x00000000080037d0                strcmp
 *fill*         0x00000000080037e4        0xc 
 .text          0x00000000080037f0        0xe /opt/nanovna/gcc-arm-none-eabi-8-2018-q4-major/bin/../lib/gcc/arm-none-eabi/8.2.1/../../../../arm-none-eabi/lib/thumb/v6-m/nofp/libg_nano.a(lib_a-strlen.o)
                0x00000000080037f0                strlen
 *(.text.*)
 *fill*         0x00000000080037fe        0x2 
 .text.__core_init
                0x0000000008003800        0x4 buildAA/obj/crt1.o
                0x0000000008003800                __core_init
 *fill*         0x0000000008003804        0xc 
 .text.__late_init
                0x0000000008003810        0x4 buildAA/obj/crt1.o
                0x0000000008003810                __late_init
 *fill*         0x0000000008003814        0xc 
 .text.__default_exit
                0x0000000008003820        0x4 buildAA/obj/crt1.o
                0x0000000008003820                __default_exit
 *fill*         0x0000000008003824        0xc 
 .text.__init_ram_areas
                0x0000000008003830       0x60 buildAA/obj/crt1.o
                0x0000000008003830                __init_ram_areas
 .text._unhandled_exception
                0x0000000008003890        0x4 buildAA/obj/vectors.o
                0x0000000008003890                DebugMon_Handler
                0x0000000008003890                SysTick_Handler
                0x0000000008003890                Vector8C
                0x0000000008003890                PendSV_Handler
                0x0000000008003890                Vector94
                0x0000000008003890                VectorA8
                0x0000000008003890                VectorB4
                0x0000000008003890                Vector74
                0x0000000008003890                UsageFault_Handler
                0x0000000008003890                Vector40
                0x0000000008003890                Vector98
                0x0000000008003890                Vector24
                0x0000000008003890                Vector84
                0x0000000008003890                MemManage_Handler
                0x0000000008003890                VectorA0
                0x0000000008003890                SVC_Handler
                0x0000000008003890                VectorB0
                0x0000000008003890                Vector90
                0x0000000008003890                Vector60
                0x0000000008003890                Vector1C
                0x0000000008003890                Vector4C
                0x0000000008003890                Vector78
                0x0000000008003890                _unhandled_exception
                0x0000000008003890                Vector88
                0x0000000008003890                BusFault_Handler
                0x0000000008003890                Vector50
                0x0000000008003890                Vector28
                0x0000000008003890                VectorB8
                0x0000000008003890                Vector34
                0x0000000008003890                VectorA4
                0x0000000008003890                Vector20
 *fill*         0x0000000008003894        0xc 
 .text._idle_thread
                0x00000000080038a0        0x4 buildAA/obj/chsys.o
 *fill*         0x00000000080038a4        0xc 
 .text.chSysInit
                0x00000000080038b0       0x50 buildAA/obj/chsys.o
                0x00000000080038b0                chSysInit
 .text.chSysHalt
                0x0000000008003900        0xc buildAA/obj/chsys.o
                0x0000000008003900                chSysHalt
 *fill*         0x000000000800390c        0x4 
 .text.chSysTimerHandlerI
                0x0000000008003910       0x80 buildAA/obj/chsys.o
                0x0000000008003910                chSysTimerHandlerI
 .text._vt_init
                0x0000000008003990       0x1c buildAA/obj/chvt.o
                0x0000000008003990                _vt_init
 *fill*         0x00000000080039ac        0x4 
 .text.chVTDoSetI
                0x00000000080039b0       0x74 buildAA/obj/chvt.o
                0x00000000080039b0                chVTDoSetI
 *fill*         0x0000000008003a24        0xc 
 .text.chVTDoResetI
                0x0000000008003a30       0x78 buildAA/obj/chvt.o
                0x0000000008003a30                chVTDoResetI
 *fill*         0x0000000008003aa8        0x8 
 .text.wakeup   0x0000000008003ab0       0x50 buildAA/obj/chschd.o
 .text._scheduler_init
                0x0000000008003b00       0x14 buildAA/obj/chschd.o
                0x0000000008003b00                _scheduler_init
 *fill*         0x0000000008003b14        0xc 
 .text.chSchReadyI
                0x0000000008003b20       0x24 buildAA/obj/chschd.o
                0x0000000008003b20                chSchReadyI
 *fill*         0x0000000008003b44        0xc 
 .text.chSchGoSleepS
                0x0000000008003b50       0x40 buildAA/obj/chschd.o
                0x0000000008003b50                chSchGoSleepS
 .text.chSchGoSleepTimeoutS
                0x0000000008003b90       0x40 buildAA/obj/chschd.o
                0x0000000008003b90                chSchGoSleepTimeoutS
 .text.chSchWakeupS
                0x0000000008003bd0       0x7c buildAA/obj/chschd.o
                0x0000000008003bd0                chSchWakeupS
 *fill*         0x0000000008003c4c        0x4 
 .text.chSchIsPreemptionRequired
                0x0000000008003c50       0x18 buildAA/obj/chschd.o
                0x0000000008003c50                chSchIsPreemptionRequired
 *fill*         0x0000000008003c68        0x8 
 .text.chSchDoRescheduleAhead
                0x0000000008003c70       0x58 buildAA/obj/chschd.o
                0x0000000008003c70                chSchDoRescheduleAhead
 *fill*         0x0000000008003cc8        0x8 
 .text.chSchRescheduleS
                0x0000000008003cd0       0x1c buildAA/obj/chschd.o
                0x0000000008003cd0                chSchRescheduleS
 *fill*         0x0000000008003cec        0x4 
 .text.chSchDoReschedule
                0x0000000008003cf0        0x8 buildAA/obj/chschd.o
                0x0000000008003cf0                chSchDoReschedule
 *fill*         0x0000000008003cf8        0x8 
 .text._thread_init
                0x0000000008003d00       0x30 buildAA/obj/chthreads.o
                0x0000000008003d00                _thread_init
 .text.chThdCreateSuspendedI
                0x0000000008003d30       0x5c buildAA/obj/chthreads.o
                0x0000000008003d30                chThdCreateSuspendedI
 *fill*         0x0000000008003d8c        0x4 
 .text.chThdCreate
                0x0000000008003d90       0x28 buildAA/obj/chthreads.o
                0x0000000008003d90                chThdCreate
 *fill*         0x0000000008003db8        0x8 
 .text.chThdCreateStatic
                0x0000000008003dc0       0x70 buildAA/obj/chthreads.o
                0x0000000008003dc0                chThdCreateStatic
 .text.chThdRelease
                0x0000000008003e30       0x2c buildAA/obj/chthreads.o
                0x0000000008003e30                chThdRelease
 *fill*         0x0000000008003e5c        0x4 
 .text.chThdExitS
                0x0000000008003e60       0x3c buildAA/obj/chthreads.o
                0x0000000008003e60                chThdExitS
 *fill*         0x0000000008003e9c        0x4 
 .text.chThdExit
                0x0000000008003ea0        0xc buildAA/obj/chthreads.o
                0x0000000008003ea0                chThdExit
 *fill*         0x0000000008003eac        0x4 
 .text.chThdWait
                0x0000000008003eb0       0x30 buildAA/obj/chthreads.o
                0x0000000008003eb0                chThdWait
 .text.chThdSetPriority
                0x0000000008003ee0       0x28 buildAA/obj/chthreads.o
                0x0000000008003ee0                chThdSetPriority
 *fill*         0x0000000008003f08        0x8 
 .text.chThdSleep
                0x0000000008003f10       0x10 buildAA/obj/chthreads.o
                0x0000000008003f10                chThdSleep
 .text.chThdSuspendTimeoutS
                0x0000000008003f20       0x20 buildAA/obj/chthreads.o
                0x0000000008003f20                chThdSuspendTimeoutS
 .text.chThdResumeI
                0x0000000008003f40       0x18 buildAA/obj/chthreads.o
                0x0000000008003f40                chThdResumeI
 *fill*         0x0000000008003f58        0x8 
 .text.chThdEnqueueTimeoutS
                0x0000000008003f60       0x28 buildAA/obj/chthreads.o
                0x0000000008003f60                chThdEnqueueTimeoutS
 *fill*         0x0000000008003f88        0x8 
 .text.chThdDequeueNextI
                0x0000000008003f90       0x18 buildAA/obj/chthreads.o
                0x0000000008003f90                chThdDequeueNextI
 *fill*         0x0000000008003fa8        0x8 
 .text.chThdDequeueAllI
                0x0000000008003fb0       0x20 buildAA/obj/chthreads.o
                0x0000000008003fb0                chThdDequeueAllI
 .text.chRegFirstThread
                0x0000000008003fd0       0x10 buildAA/obj/chregistry.o
                0x0000000008003fd0                chRegFirstThread
 .text.chRegNextThread
                0x0000000008003fe0       0x18 buildAA/obj/chregistry.o
                0x0000000008003fe0                chRegNextThread
 *fill*         0x0000000008003ff8        0x8 
 .text.chMtxObjectInit
                0x0000000008004000        0xc buildAA/obj/chmtx.o
                0x0000000008004000                chMtxObjectInit
 *fill*         0x000000000800400c        0x4 
 .text.chMtxLockS
                0x0000000008004010       0xa8 buildAA/obj/chmtx.o
                0x0000000008004010                chMtxLockS
 *fill*         0x00000000080040b8        0x8 
 .text.chMtxLock
                0x00000000080040c0        0xc buildAA/obj/chmtx.o
                0x00000000080040c0                chMtxLock
 *fill*         0x00000000080040cc        0x4 
 .text.chMtxUnlock
                0x00000000080040d0       0x60 buildAA/obj/chmtx.o
                0x00000000080040d0                chMtxUnlock
 .text.chEvtSignalI
                0x0000000008004130       0x38 buildAA/obj/chevents.o
                0x0000000008004130                chEvtSignalI
 *fill*         0x0000000008004168        0x8 
 .text.chEvtBroadcastFlagsI
                0x0000000008004170       0x2c buildAA/obj/chevents.o
                0x0000000008004170                chEvtBroadcastFlagsI
 *fill*         0x000000000800419c        0x4 
 .text.NMI_Handler
                0x00000000080041a0       0x14 buildAA/obj/chcore_v6m.o
                0x00000000080041a0                NMI_Handler
 *fill*         0x00000000080041b4        0xc 
 .text._port_irq_epilogue
                0x00000000080041c0       0x38 buildAA/obj/chcore_v6m.o
                0x00000000080041c0                _port_irq_epilogue
 *fill*         0x00000000080041f8        0x8 
 .text.halInit  0x0000000008004200       0x40 buildAA/obj/hal.o
                0x0000000008004200                halInit
 .text.stInit   0x0000000008004240        0x8 buildAA/obj/hal_st.o
                0x0000000008004240                stInit
 *fill*         0x0000000008004248        0x8 
 .text.stStartAlarm
                0x0000000008004250       0x10 buildAA/obj/hal_st.o
                0x0000000008004250                stStartAlarm
 .text.stStopAlarm
                0x0000000008004260        0xc buildAA/obj/hal_st.o
                0x0000000008004260                stStopAlarm
 *fill*         0x000000000800426c        0x4 
 .text.stSetAlarm
                0x0000000008004270        0x8 buildAA/obj/hal_st.o
                0x0000000008004270                stSetAlarm
 *fill*         0x0000000008004278        0x8 
 .text.ibqObjectInit
                0x0000000008004280       0x2c buildAA/obj/hal_buffers.o
                0x0000000008004280                ibqObjectInit
 *fill*         0x00000000080042ac        0x4 
 .text.ibqResetI
                0x00000000080042b0       0x1c buildAA/obj/hal_buffers.o
                0x00000000080042b0                ibqResetI
 *fill*         0x00000000080042cc        0x4 
 .text.ibqGetEmptyBufferI
                0x00000000080042d0       0x18 buildAA/obj/hal_buffers.o
                0x00000000080042d0                ibqGetEmptyBufferI
 *fill*         0x00000000080042e8        0x8 
 .text.ibqPostFullBufferI
                0x00000000080042f0       0x28 buildAA/obj/hal_buffers.o
                0x00000000080042f0                ibqPostFullBufferI
 *fill*         0x0000000008004318        0x8 
 .text.ibqGetFullBufferTimeoutS
                0x0000000008004320       0x2c buildAA/obj/hal_buffers.o
                0x0000000008004320                ibqGetFullBufferTimeoutS
 *fill*         0x000000000800434c        0x4 
 .text.ibqGetTimeout
                0x0000000008004350       0x54 buildAA/obj/hal_buffers.o
                0x0000000008004350                ibqGetTimeout
 *fill*         0x00000000080043a4        0xc 
 .text.ibqReadTimeout
                0x00000000080043b0       0xe4 buildAA/obj/hal_buffers.o
                0x00000000080043b0                ibqReadTimeout
 *fill*         0x0000000008004494        0xc 
 .text.obqObjectInit
                0x00000000080044a0       0x2c buildAA/obj/hal_buffers.o
                0x00000000080044a0                obqObjectInit
 *fill*         0x00000000080044cc        0x4 
 .text.obqResetI
                0x00000000080044d0       0x1c buildAA/obj/hal_buffers.o
                0x00000000080044d0                obqResetI
 *fill*         0x00000000080044ec        0x4 
 .text.obqGetFullBufferI
                0x00000000080044f0       0x1c buildAA/obj/hal_buffers.o
                0x00000000080044f0                obqGetFullBufferI
 *fill*         0x000000000800450c        0x4 
 .text.obqReleaseEmptyBufferI
                0x0000000008004510       0x24 buildAA/obj/hal_buffers.o
                0x0000000008004510                obqReleaseEmptyBufferI
 *fill*         0x0000000008004534        0xc 
 .text.obqGetEmptyBufferTimeoutS
                0x0000000008004540       0x2c buildAA/obj/hal_buffers.o
                0x0000000008004540                obqGetEmptyBufferTimeoutS
 *fill*         0x000000000800456c        0x4 
 .text.obqPutTimeout
                0x0000000008004570       0x64 buildAA/obj/hal_buffers.o
                0x0000000008004570                obqPutTimeout
 *fill*         0x00000000080045d4        0xc 
 .text.obqWriteTimeout
                0x00000000080045e0       0xec buildAA/obj/hal_buffers.o
                0x00000000080045e0                obqWriteTimeout
 *fill*         0x00000000080046cc        0x4 
 .text.obqTryFlushI
                0x00000000080046d0       0x44 buildAA/obj/hal_buffers.o
                0x00000000080046d0                obqTryFlushI
 *fill*         0x0000000008004714        0xc 
 .text.iqObjectInit
                0x0000000008004720       0x1c buildAA/obj/hal_queues.o
                0x0000000008004720                iqObjectInit
 *fill*         0x000000000800473c        0x4 
 .text.iqPutI   0x0000000008004740       0x3c buildAA/obj/hal_queues.o
                0x0000000008004740                iqPutI
 *fill*         0x000000000800477c        0x4 
 .text.iqGetTimeout
                0x0000000008004780       0x48 buildAA/obj/hal_queues.o
                0x0000000008004780                iqGetTimeout
 *fill*         0x00000000080047c8        0x8 
 .text.iqReadTimeout
                0x00000000080047d0       0xac buildAA/obj/hal_queues.o
                0x00000000080047d0                iqReadTimeout
 *fill*         0x000000000800487c        0x4 
 .text.oqObjectInit
                0x0000000008004880       0x18 buildAA/obj/hal_queues.o
                0x0000000008004880                oqObjectInit
 *fill*         0x0000000008004898        0x8 
 .text.oqPutTimeout
                0x00000000080048a0       0x4c buildAA/obj/hal_queues.o
                0x00000000080048a0                oqPutTimeout
 *fill*         0x00000000080048ec        0x4 
 .text.oqGetI   0x00000000080048f0       0x38 buildAA/obj/hal_queues.o
                0x00000000080048f0                oqGetI
 *fill*         0x0000000008004928        0x8 
 .text.oqWriteTimeout
                0x0000000008004930       0xac buildAA/obj/hal_queues.o
                0x0000000008004930                oqWriteTimeout
 *fill*         0x00000000080049dc        0x4 
 .text.extInit  0x00000000080049e0        0x8 buildAA/obj/hal_ext.o
                0x00000000080049e0                extInit
 *fill*         0x00000000080049e8        0x8 
 .text.extObjectInit
                0x00000000080049f0        0xc buildAA/obj/hal_ext.o
                0x00000000080049f0                extObjectInit
 *fill*         0x00000000080049fc        0x4 
 .text.extStart
                0x0000000008004a00       0x14 buildAA/obj/hal_ext.o
                0x0000000008004a00                extStart
 *fill*         0x0000000008004a14        0xc 
 .text.gptInit  0x0000000008004a20        0x8 buildAA/obj/hal_gpt.o
                0x0000000008004a20                gptInit
 *fill*         0x0000000008004a28        0x8 
 .text.gptObjectInit
                0x0000000008004a30        0xc buildAA/obj/hal_gpt.o
                0x0000000008004a30                gptObjectInit
 *fill*         0x0000000008004a3c        0x4 
 .text.gptStart
                0x0000000008004a40       0x14 buildAA/obj/hal_gpt.o
                0x0000000008004a40                gptStart
 *fill*         0x0000000008004a54        0xc 
 .text.gptStartContinuous
                0x0000000008004a60       0x10 buildAA/obj/hal_gpt.o
                0x0000000008004a60                gptStartContinuous
 .text.gptPolledDelay
                0x0000000008004a70       0x14 buildAA/obj/hal_gpt.o
                0x0000000008004a70                gptPolledDelay
 *fill*         0x0000000008004a84        0xc 
 .text.i2cInit  0x0000000008004a90        0x8 buildAA/obj/hal_i2c.o
                0x0000000008004a90                i2cInit
 *fill*         0x0000000008004a98        0x8 
 .text.i2cObjectInit
                0x0000000008004aa0       0x14 buildAA/obj/hal_i2c.o
                0x0000000008004aa0                i2cObjectInit
 *fill*         0x0000000008004ab4        0xc 
 .text.i2cStart
                0x0000000008004ac0       0x14 buildAA/obj/hal_i2c.o
                0x0000000008004ac0                i2cStart
 *fill*         0x0000000008004ad4        0xc 
 .text.i2cMasterTransmitTimeout
                0x0000000008004ae0       0x38 buildAA/obj/hal_i2c.o
                0x0000000008004ae0                i2cMasterTransmitTimeout
 *fill*         0x0000000008004b18        0x8 
 .text.i2cAcquireBus
                0x0000000008004b20        0xc buildAA/obj/hal_i2c.o
                0x0000000008004b20                i2cAcquireBus
 *fill*         0x0000000008004b2c        0x4 
 .text.i2cReleaseBus
                0x0000000008004b30        0xc buildAA/obj/hal_i2c.o
                0x0000000008004b30                i2cReleaseBus
 *fill*         0x0000000008004b3c        0x4 
 .text.i2sInit  0x0000000008004b40        0x8 buildAA/obj/hal_i2s.o
                0x0000000008004b40                i2sInit
 *fill*         0x0000000008004b48        0x8 
 .text.i2sObjectInit
                0x0000000008004b50        0xc buildAA/obj/hal_i2s.o
                0x0000000008004b50                i2sObjectInit
 *fill*         0x0000000008004b5c        0x4 
 .text.i2sStart
                0x0000000008004b60       0x14 buildAA/obj/hal_i2s.o
                0x0000000008004b60                i2sStart
 *fill*         0x0000000008004b74        0xc 
 .text.i2sStartExchange
                0x0000000008004b80       0x14 buildAA/obj/hal_i2s.o
                0x0000000008004b80                i2sStartExchange
 *fill*         0x0000000008004b94        0xc 
 .text.rtcInit  0x0000000008004ba0        0x8 buildAA/obj/hal_rtc.o
                0x0000000008004ba0                rtcInit
 *fill*         0x0000000008004ba8        0x8 
 .text.rtcObjectInit
                0x0000000008004bb0        0x4 buildAA/obj/hal_rtc.o
                0x0000000008004bb0                rtcObjectInit
 *fill*         0x0000000008004bb4        0xc 
 .text.readt    0x0000000008004bc0        0xc buildAA/obj/hal_serial.o
 *fill*         0x0000000008004bcc        0x4 
 .text.read     0x0000000008004bd0       0x10 buildAA/obj/hal_serial.o
 .text.writet   0x0000000008004be0        0xc buildAA/obj/hal_serial.o
 *fill*         0x0000000008004bec        0x4 
 .text.write    0x0000000008004bf0       0x10 buildAA/obj/hal_serial.o
 .text.gett     0x0000000008004c00        0xc buildAA/obj/hal_serial.o
 *fill*         0x0000000008004c0c        0x4 
 .text.get      0x0000000008004c10       0x10 buildAA/obj/hal_serial.o
 .text.putt     0x0000000008004c20        0xc buildAA/obj/hal_serial.o
 *fill*         0x0000000008004c2c        0x4 
 .text.put      0x0000000008004c30       0x10 buildAA/obj/hal_serial.o
 .text.sdInit   0x0000000008004c40        0x8 buildAA/obj/hal_serial.o
                0x0000000008004c40                sdInit
 *fill*         0x0000000008004c48        0x8 
 .text.sdObjectInit
                0x0000000008004c50       0x40 buildAA/obj/hal_serial.o
                0x0000000008004c50                sdObjectInit
 .text.sdIncomingDataI
                0x0000000008004c90       0x3c buildAA/obj/hal_serial.o
                0x0000000008004c90                sdIncomingDataI
 *fill*         0x0000000008004ccc        0x4 
 .text.obnotify
                0x0000000008004cd0       0x48 buildAA/obj/hal_serial_usb.o
 *fill*         0x0000000008004d18        0x8 
 .text.ibnotify
                0x0000000008004d20       0x40 buildAA/obj/hal_serial_usb.o
 .text.readt    0x0000000008004d60       0x20 buildAA/obj/hal_serial_usb.o
 .text.writet   0x0000000008004d80       0x20 buildAA/obj/hal_serial_usb.o
 .text.gett     0x0000000008004da0       0x20 buildAA/obj/hal_serial_usb.o
 .text.get      0x0000000008004dc0       0x24 buildAA/obj/hal_serial_usb.o
 *fill*         0x0000000008004de4        0xc 
 .text.putt     0x0000000008004df0       0x20 buildAA/obj/hal_serial_usb.o
 .text.put      0x0000000008004e10       0x24 buildAA/obj/hal_serial_usb.o
 *fill*         0x0000000008004e34        0xc 
 .text.read     0x0000000008004e40       0x24 buildAA/obj/hal_serial_usb.o
 *fill*         0x0000000008004e64        0xc 
 .text.write    0x0000000008004e70       0x24 buildAA/obj/hal_serial_usb.o
 *fill*         0x0000000008004e94        0xc 
 .text.sduInit  0x0000000008004ea0        0x4 buildAA/obj/hal_serial_usb.o
                0x0000000008004ea0                sduInit
 *fill*         0x0000000008004ea4        0xc 
 .text.sduObjectInit
                0x0000000008004eb0       0x4c buildAA/obj/hal_serial_usb.o
                0x0000000008004eb0                sduObjectInit
 *fill*         0x0000000008004efc        0x4 
 .text.sduStart
                0x0000000008004f00       0x34 buildAA/obj/hal_serial_usb.o
                0x0000000008004f00                sduStart
 *fill*         0x0000000008004f34        0xc 
 .text.sduDisconnectI
                0x0000000008004f40       0x20 buildAA/obj/hal_serial_usb.o
                0x0000000008004f40                sduDisconnectI
 .text.sduConfigureHookI
                0x0000000008004f60       0x38 buildAA/obj/hal_serial_usb.o
                0x0000000008004f60                sduConfigureHookI
 *fill*         0x0000000008004f98        0x8 
 .text.sduRequestsHook
                0x0000000008004fa0       0x40 buildAA/obj/hal_serial_usb.o
                0x0000000008004fa0                sduRequestsHook
 .text.sduSOFHookI
                0x0000000008004fe0       0x50 buildAA/obj/hal_serial_usb.o
                0x0000000008004fe0                sduSOFHookI
 .text.sduDataTransmitted
                0x0000000008005030       0x84 buildAA/obj/hal_serial_usb.o
                0x0000000008005030                sduDataTransmitted
 *fill*         0x00000000080050b4        0xc 
 .text.sduDataReceived
                0x00000000080050c0       0x50 buildAA/obj/hal_serial_usb.o
                0x00000000080050c0                sduDataReceived
 .text.sduInterruptTransmitted
                0x0000000008005110        0x4 buildAA/obj/hal_serial_usb.o
                0x0000000008005110                sduInterruptTransmitted
 *fill*         0x0000000008005114        0xc 
 .text.spiInit  0x0000000008005120        0x8 buildAA/obj/hal_spi.o
                0x0000000008005120                spiInit
 *fill*         0x0000000008005128        0x8 
 .text.spiObjectInit
                0x0000000008005130       0x14 buildAA/obj/hal_spi.o
                0x0000000008005130                spiObjectInit
 *fill*         0x0000000008005144        0xc 
 .text.set_address
                0x0000000008005150       0x24 buildAA/obj/hal_usb.o
 *fill*         0x0000000008005174        0xc 
 .text.usbInit  0x0000000008005180        0x8 buildAA/obj/hal_usb.o
                0x0000000008005180                usbInit
 *fill*         0x0000000008005188        0x8 
 .text.usbObjectInit
                0x0000000008005190       0x20 buildAA/obj/hal_usb.o
                0x0000000008005190                usbObjectInit
 .text.usbStart
                0x00000000080051b0       0x28 buildAA/obj/hal_usb.o
                0x00000000080051b0                usbStart
 *fill*         0x00000000080051d8        0x8 
 .text.usbInitEndpointI
                0x00000000080051e0       0x38 buildAA/obj/hal_usb.o
                0x00000000080051e0                usbInitEndpointI
 *fill*         0x0000000008005218        0x8 
 .text.usbStartReceiveI
                0x0000000008005220       0x24 buildAA/obj/hal_usb.o
                0x0000000008005220                usbStartReceiveI
 *fill*         0x0000000008005244        0xc 
 .text.usbStartTransmitI
                0x0000000008005250       0x24 buildAA/obj/hal_usb.o
                0x0000000008005250                usbStartTransmitI
 *fill*         0x0000000008005274        0xc 
 .text._usb_reset
                0x0000000008005280       0x38 buildAA/obj/hal_usb.o
                0x0000000008005280                _usb_reset
 *fill*         0x00000000080052b8        0x8 
 .text._usb_suspend
                0x00000000080052c0       0x14 buildAA/obj/hal_usb.o
                0x00000000080052c0                _usb_suspend
 *fill*         0x00000000080052d4        0xc 
 .text._usb_wakeup
                0x00000000080052e0       0x14 buildAA/obj/hal_usb.o
                0x00000000080052e0                _usb_wakeup
 *fill*         0x00000000080052f4        0xc 
 .text._usb_ep0setup
                0x0000000008005300      0x304 buildAA/obj/hal_usb.o
                0x0000000008005300                _usb_ep0setup
 *fill*         0x0000000008005604        0xc 
 .text._usb_ep0in
                0x0000000008005610       0xb8 buildAA/obj/hal_usb.o
                0x0000000008005610                _usb_ep0in
 *fill*         0x00000000080056c8        0x8 
 .text._usb_ep0out
                0x00000000080056d0       0x80 buildAA/obj/hal_usb.o
                0x00000000080056d0                _usb_ep0out
 .text.nvicEnableVector
                0x0000000008005750       0x44 buildAA/obj/nvic.o
                0x0000000008005750                nvicEnableVector
 *fill*         0x0000000008005794        0xc 
 .text.Vector68
                0x00000000080057a0       0x70 buildAA/obj/hal_lld.o
                0x00000000080057a0                Vector68
 .text.Vector6C
                0x0000000008005810       0xc8 buildAA/obj/hal_lld.o
                0x0000000008005810                Vector6C
 *fill*         0x00000000080058d8        0x8 
 .text.hal_lld_init
                0x00000000080058e0       0x7c buildAA/obj/hal_lld.o
                0x00000000080058e0                hal_lld_init
 *fill*         0x000000000800595c        0x4 
 .text.stm32_clock_init
                0x0000000008005960       0xbc buildAA/obj/hal_lld.o
                0x0000000008005960                stm32_clock_init
 *fill*         0x0000000008005a1c        0x4 
 .text.Vector64
                0x0000000008005a20       0x2c buildAA/obj/stm32_dma.o
                0x0000000008005a20                Vector64
 *fill*         0x0000000008005a4c        0x4 
 .text.dmaInit  0x0000000008005a50       0x44 buildAA/obj/stm32_dma.o
                0x0000000008005a50                dmaInit
 *fill*         0x0000000008005a94        0xc 
 .text.dmaStreamAllocate
                0x0000000008005aa0       0x90 buildAA/obj/stm32_dma.o
                0x0000000008005aa0                dmaStreamAllocate
 .text.Vector7C
                0x0000000008005b30       0x24 buildAA/obj/hal_st_lld.o
                0x0000000008005b30                Vector7C
 *fill*         0x0000000008005b54        0xc 
 .text.st_lld_init
                0x0000000008005b60       0x48 buildAA/obj/hal_st_lld.o
                0x0000000008005b60                st_lld_init
 *fill*         0x0000000008005ba8        0x8 
 .text.ext_lld_init
                0x0000000008005bb0       0x10 buildAA/obj/hal_ext_lld.o
                0x0000000008005bb0                ext_lld_init
 .text.ext_lld_channel_enable
                0x0000000008005bc0       0xa8 buildAA/obj/hal_ext_lld.o
                0x0000000008005bc0                ext_lld_channel_enable
 *fill*         0x0000000008005c68        0x8 
 .text.ext_lld_start
                0x0000000008005c70       0x68 buildAA/obj/hal_ext_lld.o
                0x0000000008005c70                ext_lld_start
 *fill*         0x0000000008005cd8        0x8 
 .text.Vector54
                0x0000000008005ce0       0x3c buildAA/obj/hal_ext_lld_isr.o
                0x0000000008005ce0                Vector54
 *fill*         0x0000000008005d1c        0x4 
 .text.Vector58
                0x0000000008005d20       0x3c buildAA/obj/hal_ext_lld_isr.o
                0x0000000008005d20                Vector58
 *fill*         0x0000000008005d5c        0x4 
 .text.Vector5C
                0x0000000008005d60       0xcc buildAA/obj/hal_ext_lld_isr.o
                0x0000000008005d60                Vector5C
 *fill*         0x0000000008005e2c        0x4 
 .text.Vector44
                0x0000000008005e30       0x34 buildAA/obj/hal_ext_lld_isr.o
                0x0000000008005e30                Vector44
 *fill*         0x0000000008005e64        0xc 
 .text.Vector48
                0x0000000008005e70       0x54 buildAA/obj/hal_ext_lld_isr.o
                0x0000000008005e70                Vector48
 *fill*         0x0000000008005ec4        0xc 
 .text.ext_lld_exti_irq_enable
                0x0000000008005ed0       0x34 buildAA/obj/hal_ext_lld_isr.o
                0x0000000008005ed0                ext_lld_exti_irq_enable
 *fill*         0x0000000008005f04        0xc 
 .text._pal_lld_init
                0x0000000008005f10       0xe8 buildAA/obj/hal_pal_lld.o
                0x0000000008005f10                _pal_lld_init
 *fill*         0x0000000008005ff8        0x8 
 .text._pal_lld_setgroupmode
                0x0000000008006000       0xf0 buildAA/obj/hal_pal_lld.o
                0x0000000008006000                _pal_lld_setgroupmode
 .text.Vector9C
                0x00000000080060f0      0x1f0 buildAA/obj/hal_i2c_lld.o
                0x00000000080060f0                Vector9C
 .text.i2c_lld_init
                0x00000000080062e0       0x1c buildAA/obj/hal_i2c_lld.o
                0x00000000080062e0                i2c_lld_init
 *fill*         0x00000000080062fc        0x4 
 .text.i2c_lld_start
                0x0000000008006300       0x5c buildAA/obj/hal_i2c_lld.o
                0x0000000008006300                i2c_lld_start
 *fill*         0x000000000800635c        0x4 
 .text.i2c_lld_master_transmit_timeout
                0x0000000008006360       0xb4 buildAA/obj/hal_i2c_lld.o
                0x0000000008006360                i2c_lld_master_transmit_timeout
 *fill*         0x0000000008006414        0xc 
 .text.rtc_lld_init
                0x0000000008006420       0x58 buildAA/obj/hal_rtc_lld.o
                0x0000000008006420                rtc_lld_init
 *fill*         0x0000000008006478        0x8 
 .text.i2s_lld_serve_rx_interrupt
                0x0000000008006480       0x58 buildAA/obj/hal_i2s_lld.o
 *fill*         0x00000000080064d8        0x8 
 .text.i2s_lld_init
                0x00000000080064e0       0x38 buildAA/obj/hal_i2s_lld.o
                0x00000000080064e0                i2s_lld_init
 *fill*         0x0000000008006518        0x8 
 .text.i2s_lld_start
                0x0000000008006520       0x70 buildAA/obj/hal_i2s_lld.o
                0x0000000008006520                i2s_lld_start
 .text.i2s_lld_start_exchange
                0x0000000008006590       0x68 buildAA/obj/hal_i2s_lld.o
                0x0000000008006590                i2s_lld_start_exchange
 *fill*         0x00000000080065f8        0x8 
 .text.spi_lld_init
                0x0000000008006600       0x34 buildAA/obj/hal_spi_lld.o
                0x0000000008006600                spi_lld_init
 *fill*         0x0000000008006634        0xc 
 .text.Vector80
                0x0000000008006640       0x34 buildAA/obj/hal_gpt_lld.o
                0x0000000008006640                Vector80
 *fill*         0x0000000008006674        0xc 
 .text.gpt_lld_init
                0x0000000008006680       0x18 buildAA/obj/hal_gpt_lld.o
                0x0000000008006680                gpt_lld_init
 *fill*         0x0000000008006698        0x8 
 .text.gpt_lld_start
                0x00000000080066a0       0x64 buildAA/obj/hal_gpt_lld.o
                0x00000000080066a0                gpt_lld_start
 *fill*         0x0000000008006704        0xc 
 .text.gpt_lld_start_timer
                0x0000000008006710       0x24 buildAA/obj/hal_gpt_lld.o
                0x0000000008006710                gpt_lld_start_timer
 *fill*         0x0000000008006734        0xc 
 .text.gpt_lld_polled_delay
                0x0000000008006740       0x1c buildAA/obj/hal_gpt_lld.o
                0x0000000008006740                gpt_lld_polled_delay
 *fill*         0x000000000800675c        0x4 
 .text.notify1  0x0000000008006760       0x10 buildAA/obj/hal_serial_lld.o
 .text.VectorAC
                0x0000000008006770       0xe0 buildAA/obj/hal_serial_lld.o
                0x0000000008006770                VectorAC
 .text.sd_lld_init
                0x0000000008006850       0x30 buildAA/obj/hal_serial_lld.o
                0x0000000008006850                sd_lld_init
 .text.VectorBC
                0x0000000008006880      0x2c8 buildAA/obj/hal_usb_lld.o
                0x0000000008006880                VectorBC
 *fill*         0x0000000008006b48        0x8 
 .text.usb_lld_init
                0x0000000008006b50       0x10 buildAA/obj/hal_usb_lld.o
                0x0000000008006b50                usb_lld_init
 .text.usb_lld_start
                0x0000000008006b60       0x44 buildAA/obj/hal_usb_lld.o
                0x0000000008006b60                usb_lld_start
 *fill*         0x0000000008006ba4        0xc 
 .text.usb_lld_set_address
                0x0000000008006bb0       0x14 buildAA/obj/hal_usb_lld.o
                0x0000000008006bb0                usb_lld_set_address
 *fill*         0x0000000008006bc4        0xc 
 .text.usb_lld_init_endpoint
                0x0000000008006bd0       0xfc buildAA/obj/hal_usb_lld.o
                0x0000000008006bd0                usb_lld_init_endpoint
 *fill*         0x0000000008006ccc        0x4 
 .text.usb_lld_reset
                0x0000000008006cd0       0x3c buildAA/obj/hal_usb_lld.o
                0x0000000008006cd0                usb_lld_reset
 *fill*         0x0000000008006d0c        0x4 
 .text.usb_lld_get_status_out
                0x0000000008006d10       0x28 buildAA/obj/hal_usb_lld.o
                0x0000000008006d10                usb_lld_get_status_out
 *fill*         0x0000000008006d38        0x8 
 .text.usb_lld_get_status_in
                0x0000000008006d40       0x20 buildAA/obj/hal_usb_lld.o
                0x0000000008006d40                usb_lld_get_status_in
 .text.usb_lld_read_setup
                0x0000000008006d60       0x34 buildAA/obj/hal_usb_lld.o
                0x0000000008006d60                usb_lld_read_setup
 *fill*         0x0000000008006d94        0xc 
 .text.usb_lld_start_out
                0x0000000008006da0       0x4c buildAA/obj/hal_usb_lld.o
                0x0000000008006da0                usb_lld_start_out
 *fill*         0x0000000008006dec        0x4 
 .text.usb_lld_start_in
                0x0000000008006df0       0x84 buildAA/obj/hal_usb_lld.o
                0x0000000008006df0                usb_lld_start_in
 *fill*         0x0000000008006e74        0xc 
 .text.usb_lld_stall_out
                0x0000000008006e80       0x28 buildAA/obj/hal_usb_lld.o
                0x0000000008006e80                usb_lld_stall_out
 *fill*         0x0000000008006ea8        0x8 
 .text.usb_lld_stall_in
                0x0000000008006eb0       0x28 buildAA/obj/hal_usb_lld.o
                0x0000000008006eb0                usb_lld_stall_in
 *fill*         0x0000000008006ed8        0x8 
 .text.usb_lld_clear_out
                0x0000000008006ee0       0x30 buildAA/obj/hal_usb_lld.o
                0x0000000008006ee0                usb_lld_clear_out
 .text.usb_lld_clear_in
                0x0000000008006f10       0x30 buildAA/obj/hal_usb_lld.o
                0x0000000008006f10                usb_lld_clear_in
 .text.__early_init
                0x0000000008006f40       0x3c buildAA/obj/board.o
                0x0000000008006f40                __early_init
 *fill*         0x0000000008006f7c        0x4 
 .text.boardInit
                0x0000000008006f80        0x4 buildAA/obj/board.o
                0x0000000008006f80                boardInit
 *fill*         0x0000000008006f84        0xc 
 .text.chvprintf
                0x0000000008006f90      0x578 buildAA/obj/chprintf.o
                0x0000000008006f90                chvprintf
 *fill*         0x0000000008007508        0x8 
 .text.chprintf
                0x0000000008007510       0x18 buildAA/obj/chprintf.o
                0x0000000008007510                chprintf
 *fill*         0x0000000008007528        0x8 
 .text.chsnprintf
                0x0000000008007530       0x54 buildAA/obj/chprintf.o
                0x0000000008007530                chsnprintf
 *fill*         0x0000000008007584        0xc 
 .text.put      0x0000000008007590       0x1c buildAA/obj/memstreams.o
 *fill*         0x00000000080075ac        0x4 
 .text.get      0x00000000080075b0       0x1c buildAA/obj/memstreams.o
 *fill*         0x00000000080075cc        0x4 
 .text.reads    0x00000000080075d0       0x28 buildAA/obj/memstreams.o
 *fill*         0x00000000080075f8        0x8 
 .text.writes   0x0000000008007600       0x28 buildAA/obj/memstreams.o
 *fill*         0x0000000008007628        0x8 
 .text.msObjectInit
                0x0000000008007630       0x18 buildAA/obj/memstreams.o
                0x0000000008007630                msObjectInit
 *fill*         0x0000000008007648        0x8 
 .text.parse_arguments
                0x0000000008007650       0x5c buildAA/obj/shell.o
 *fill*         0x00000000080076ac        0x4 
 .text.shellInit
                0x00000000080076b0        0xc buildAA/obj/shell.o
                0x00000000080076b0                shellInit
 *fill*         0x00000000080076bc        0x4 
 .text.shellExit
                0x00000000080076c0       0x1c buildAA/obj/shell.o
                0x00000000080076c0                shellExit
 *fill*         0x00000000080076dc        0x4 
 .text.shellGetLine
                0x00000000080076e0       0xb8 buildAA/obj/shell.o
                0x00000000080076e0                shellGetLine
 *fill*         0x0000000008007798        0x8 
 .text.shellThread
                0x00000000080077a0      0x1d0 buildAA/obj/shell.o
                0x00000000080077a0                shellThread
 .text.cmd_info
                0x0000000008007970       0xbc buildAA/obj/shell_cmd.o
 *fill*         0x0000000008007a2c        0x4 
 .text.cmd_threads
                0x0000000008007a30       0xa0 buildAA/obj/shell_cmd.o
 .text.cmd_exit
                0x0000000008007ad0       0x20 buildAA/obj/shell_cmd.o
 .text.get_descriptor
                0x0000000008007af0       0x34 buildAA/obj/usbcfg.o
 *fill*         0x0000000008007b24        0xc 
 .text.sof_handler
                0x0000000008007b30       0x14 buildAA/obj/usbcfg.o
 *fill*         0x0000000008007b44        0xc 
 .text.usb_event
                0x0000000008007b50       0x44 buildAA/obj/usbcfg.o
 *fill*         0x0000000008007b94        0xc 
 .text.cmd_pause
                0x0000000008007ba0        0xc buildAA/obj/main.o
 *fill*         0x0000000008007bac        0x4 
 .text.freq_mode_startstop
                0x0000000008007bb0       0x38 buildAA/obj/main.o
 *fill*         0x0000000008007be8        0x8 
 .text.eterm_calc_er
                0x0000000008007bf0      0x13c buildAA/obj/main.o
 *fill*         0x0000000008007d2c        0x4 
 .text.set_frequencies
                0x0000000008007d30       0xac buildAA/obj/main.o
 *fill*         0x0000000008007ddc        0x4 
 .text.update_frequencies
                0x0000000008007de0       0xfc buildAA/obj/main.o
 *fill*         0x0000000008007edc        0x4 
 .text.cal_interpolate
                0x0000000008007ee0      0x298 buildAA/obj/main.o
 *fill*         0x0000000008008178        0x8 
 .text.cmd_resume
                0x0000000008008180       0x40 buildAA/obj/main.o
 .text.cmd_vbat
                0x00000000080081c0       0x18 buildAA/obj/main.o
 *fill*         0x00000000080081d8        0x8 
 .text.cmd_scan
                0x00000000080081e0       0xec buildAA/obj/main.o
 *fill*         0x00000000080082cc        0x4 
 .text.cmd_frequencies
                0x00000000080082d0       0x54 buildAA/obj/main.o
 *fill*         0x0000000008008324        0xc 
 .text.cmd_data
                0x0000000008008330       0xb0 buildAA/obj/main.o
 .text.cmd_version
                0x00000000080083e0       0x14 buildAA/obj/main.o
 *fill*         0x00000000080083f4        0xc 
 .text.cmd_transform
                0x0000000008008400      0x178 buildAA/obj/main.o
 *fill*         0x0000000008008578        0x8 
 .text.cmd_sample
                0x0000000008008580       0x70 buildAA/obj/main.o
 .text.cmd_capture
                0x00000000080085f0       0x9c buildAA/obj/main.o
 *fill*         0x000000000800868c        0x4 
 .text.cmd_save
                0x0000000008008690       0x4c buildAA/obj/main.o
 *fill*         0x00000000080086dc        0x4 
 .text.cmd_touchtest
                0x00000000080086e0       0x20 buildAA/obj/main.o
 .text.cmd_touchcal
                0x0000000008008700       0x78 buildAA/obj/main.o
 *fill*         0x0000000008008778        0x8 
 .text.cmd_test
                0x0000000008008780       0x48 buildAA/obj/main.o
 *fill*         0x00000000080087c8        0x8 
 .text.cmd_stat
                0x00000000080087d0       0xe4 buildAA/obj/main.o
 *fill*         0x00000000080088b4        0xc 
 .text.cmd_saveconfig
                0x00000000080088c0       0x18 buildAA/obj/main.o
 *fill*         0x00000000080088d8        0x8 
 .text.i2s_end_callback
                0x00000000080088e0       0x40 buildAA/obj/main.o
 .text.cmd_vbat_offset
                0x0000000008008920       0x28 buildAA/obj/main.o
 *fill*         0x0000000008008948        0x8 
 .text.cmd_threshold
                0x0000000008008950       0x48 buildAA/obj/main.o
 *fill*         0x0000000008008998        0x8 
 .text.cmd_recall
                0x00000000080089a0       0x64 buildAA/obj/main.o
 *fill*         0x0000000008008a04        0xc 
 .text.cmd_marker
                0x0000000008008a10      0x1b4 buildAA/obj/main.o
 *fill*         0x0000000008008bc4        0xc 
 .text.set_frequency.part.4
                0x0000000008008bd0       0x80 buildAA/obj/main.o
 .text.cmd_power
                0x0000000008008c50       0x34 buildAA/obj/main.o
 *fill*         0x0000000008008c84        0xc 
 .text.cmd_offset
                0x0000000008008c90       0x38 buildAA/obj/main.o
 *fill*         0x0000000008008cc8        0x8 
 .text.cmd_freq
                0x0000000008008cd0       0x48 buildAA/obj/main.o
 *fill*         0x0000000008008d18        0x8 
 .text.cmd_gain
                0x0000000008008d20       0x38 buildAA/obj/main.o
 *fill*         0x0000000008008d58        0x8 
 .text.cmd_port
                0x0000000008008d60       0x20 buildAA/obj/main.o
 .text.cmd_clearconfig
                0x0000000008008d80       0x58 buildAA/obj/main.o
 *fill*         0x0000000008008dd8        0x8 
 .text.cmd_reset
                0x0000000008008de0       0x58 buildAA/obj/main.o
 *fill*         0x0000000008008e38        0x8 
 .text.Thread1  0x0000000008008e40      0x9f0 buildAA/obj/main.o
 .text.toggle_sweep
                0x0000000008009830       0x14 buildAA/obj/main.o
                0x0000000008009830                toggle_sweep
 *fill*         0x0000000008009844        0xc 
 .text.set_sweep_frequency
                0x0000000008009850      0x1ac buildAA/obj/main.o
                0x0000000008009850                set_sweep_frequency
 *fill*         0x00000000080099fc        0x4 
 .text.cmd_sweep
                0x0000000008009a00      0x118 buildAA/obj/main.o
 *fill*         0x0000000008009b18        0x8 
 .text.get_sweep_frequency
                0x0000000008009b20       0x68 buildAA/obj/main.o
                0x0000000008009b20                get_sweep_frequency
 *fill*         0x0000000008009b88        0x8 
 .text.cal_collect
                0x0000000008009b90       0xe4 buildAA/obj/main.o
                0x0000000008009b90                cal_collect
 *fill*         0x0000000008009c74        0xc 
 .text.cal_done
                0x0000000008009c80      0x4c8 buildAA/obj/main.o
                0x0000000008009c80                cal_done
 *fill*         0x000000000800a148        0x8 
 .text.cmd_cal  0x000000000800a150      0x300 buildAA/obj/main.o
 .text.get_trace_typename
                0x000000000800a450       0x2c buildAA/obj/main.o
                0x000000000800a450                get_trace_typename
 *fill*         0x000000000800a47c        0x4 
 .text.set_trace_type
                0x000000000800a480       0xe8 buildAA/obj/main.o
                0x000000000800a480                set_trace_type
 *fill*         0x000000000800a568        0x8 
 .text.set_trace_channel
                0x000000000800a570       0x28 buildAA/obj/main.o
                0x000000000800a570                set_trace_channel
 *fill*         0x000000000800a598        0x8 
 .text.set_trace_scale
                0x000000000800a5a0       0x54 buildAA/obj/main.o
                0x000000000800a5a0                set_trace_scale
 *fill*         0x000000000800a5f4        0xc 
 .text.get_trace_scale
                0x000000000800a600       0x3c buildAA/obj/main.o
                0x000000000800a600                get_trace_scale
 *fill*         0x000000000800a63c        0x4 
 .text.set_trace_refpos
                0x000000000800a640       0x30 buildAA/obj/main.o
                0x000000000800a640                set_trace_refpos
 .text.get_trace_refpos
                0x000000000800a670       0x1c buildAA/obj/main.o
                0x000000000800a670                get_trace_refpos
 *fill*         0x000000000800a68c        0x4 
 .text.my_atof  0x000000000800a690      0x124 buildAA/obj/main.o
                0x000000000800a690                my_atof
 *fill*         0x000000000800a7b4        0xc 
 .text.cmd_trace
                0x000000000800a7c0      0x380 buildAA/obj/main.o
 .text.cmd_edelay
                0x000000000800ab40       0x54 buildAA/obj/main.o
 *fill*         0x000000000800ab94        0xc 
 .text.set_electrical_delay
                0x000000000800aba0       0x28 buildAA/obj/main.o
                0x000000000800aba0                set_electrical_delay
 *fill*         0x000000000800abc8        0x8 
 .text.get_electrical_delay
                0x000000000800abd0       0x10 buildAA/obj/main.o
                0x000000000800abd0                get_electrical_delay
 .text.startup.main
                0x000000000800abe0      0x160 buildAA/obj/main.o
                0x000000000800abe0                main
 .text.HardFault_Handler
                0x000000000800ad40        0x4 buildAA/obj/main.o
                0x000000000800ad40                HardFault_Handler
 *fill*         0x000000000800ad44        0xc 
 .text.si5351_bulk_write
                0x000000000800ad50       0x40 buildAA/obj/si5351.o
 .text.si5351_setupPLL
                0x000000000800ad90       0x84 buildAA/obj/si5351.o
 *fill*         0x000000000800ae14        0xc 
 .text.si5351_write
                0x000000000800ae20       0x40 buildAA/obj/si5351.o
 .text.si5351_setupMultisynth
                0x000000000800ae60      0x140 buildAA/obj/si5351.o
 .text.si5351_set_frequency_fixedpll
                0x000000000800afa0       0x9c buildAA/obj/si5351.o
 *fill*         0x000000000800b03c        0x4 
 .text.si5351_set_frequency_fixeddiv
                0x000000000800b040       0xb0 buildAA/obj/si5351.o
 .text.si5351_bulk_read.constprop.0
                0x000000000800b0f0       0x44 buildAA/obj/si5351.o
 *fill*         0x000000000800b134        0xc 
 .text.si5351_init
                0x000000000800b140       0x7c buildAA/obj/si5351.o
                0x000000000800b140                si5351_init
 *fill*         0x000000000800b1bc        0x4 
 .text.si5351_set_frequency_with_offset
                0x000000000800b1c0      0x2d0 buildAA/obj/si5351.o
                0x000000000800b1c0                si5351_set_frequency_with_offset
 .text.tlv320aic3204_bulk_write
                0x000000000800b490       0x38 buildAA/obj/tlv320aic3204.o
 *fill*         0x000000000800b4c8        0x8 
 .text.tlv320aic3204_init
                0x000000000800b4d0       0x74 buildAA/obj/tlv320aic3204.o
                0x000000000800b4d0                tlv320aic3204_init
 *fill*         0x000000000800b544        0xc 
 .text.tlv320aic3204_select
                0x000000000800b550       0x48 buildAA/obj/tlv320aic3204.o
                0x000000000800b550                tlv320aic3204_select
 *fill*         0x000000000800b598        0x8 
 .text.tlv320aic3204_set_gain
                0x000000000800b5a0       0x3c buildAA/obj/tlv320aic3204.o
                0x000000000800b5a0                tlv320aic3204_set_gain
 *fill*         0x000000000800b5dc        0x4 
 .text.dsp_process
                0x000000000800b5e0       0xd0 buildAA/obj/dsp.o
                0x000000000800b5e0                dsp_process
 .text.calculate_gamma
                0x000000000800b6b0       0xb0 buildAA/obj/dsp.o
                0x000000000800b6b0                calculate_gamma
 .text.fetch_amplitude
                0x000000000800b760       0x44 buildAA/obj/dsp.o
                0x000000000800b760                fetch_amplitude
 *fill*         0x000000000800b7a4        0xc 
 .text.fetch_amplitude_ref
                0x000000000800b7b0       0x44 buildAA/obj/dsp.o
                0x000000000800b7b0                fetch_amplitude_ref
 *fill*         0x000000000800b7f4        0xc 
 .text.string_value_with_prefix
                0x000000000800b800      0x200 buildAA/obj/plot.o
 .text.frequency_string
                0x000000000800ba00       0x94 buildAA/obj/plot.o
 *fill*         0x000000000800ba94        0xc 
 .text.swr      0x000000000800baa0       0x58 buildAA/obj/plot.o
 *fill*         0x000000000800baf8        0x8 
 .text.cell_drawline
                0x000000000800bb00      0x19c buildAA/obj/plot.o
 *fill*         0x000000000800bc9c        0x4 
 .text.cell_drawchar_7x13
                0x000000000800bca0       0xc0 buildAA/obj/plot.o
 .text.group_delay.constprop.11
                0x000000000800bd60       0xc0 buildAA/obj/plot.o
 .text.markmap_marker.part.2
                0x000000000800be20      0x180 buildAA/obj/plot.o
 .text.update_grid
                0x000000000800bfa0      0x108 buildAA/obj/plot.o
                0x000000000800bfa0                update_grid
 *fill*         0x000000000800c0a8        0x8 
 .text.trace_get_info
                0x000000000800c0b0       0xc0 buildAA/obj/plot.o
                0x000000000800c0b0                trace_get_info
 .text.draw_all_cells
                0x000000000800c170     0x1568 buildAA/obj/plot.o
 *fill*         0x000000000800d6d8        0x8 
 .text.force_set_markmap
                0x000000000800d6e0       0x20 buildAA/obj/plot.o
                0x000000000800d6e0                force_set_markmap
 .text.plot_into_index
                0x000000000800d700      0x53c buildAA/obj/plot.o
                0x000000000800d700                plot_into_index
 *fill*         0x000000000800dc3c        0x4 
 .text.marker_position
                0x000000000800dc40       0x44 buildAA/obj/plot.o
                0x000000000800dc40                marker_position
 *fill*         0x000000000800dc84        0xc 
 .text.search_nearest_index
                0x000000000800dc90       0xc0 buildAA/obj/plot.o
                0x000000000800dc90                search_nearest_index
 .text.redraw_marker
                0x000000000800dd50       0x40 buildAA/obj/plot.o
                0x000000000800dd50                redraw_marker
 .text.request_to_draw_cells_behind_menu
                0x000000000800dd90       0x48 buildAA/obj/plot.o
                0x000000000800dd90                request_to_draw_cells_behind_menu
 *fill*         0x000000000800ddd8        0x8 
 .text.request_to_draw_cells_behind_numeric_input
                0x000000000800dde0       0x48 buildAA/obj/plot.o
                0x000000000800dde0                request_to_draw_cells_behind_numeric_input
 *fill*         0x000000000800de28        0x8 
 .text.draw_frequencies
                0x000000000800de30      0x214 buildAA/obj/plot.o
                0x000000000800de30                draw_frequencies
 *fill*         0x000000000800e044        0xc 
 .text.draw_cal_status
                0x000000000800e050      0x104 buildAA/obj/plot.o
                0x000000000800e050                draw_cal_status
 *fill*         0x000000000800e154        0xc 
 .text.draw_all
                0x000000000800e160       0x38 buildAA/obj/plot.o
                0x000000000800e160                draw_all
 *fill*         0x000000000800e198        0x8 
 .text.draw_battery_status
                0x000000000800e1a0      0x19c buildAA/obj/plot.o
                0x000000000800e1a0                draw_battery_status
 *fill*         0x000000000800e33c        0x4 
 .text.request_to_redraw_grid
                0x000000000800e340       0x2c buildAA/obj/plot.o
                0x000000000800e340                request_to_redraw_grid
 *fill*         0x000000000800e36c        0x4 
 .text.redraw_frame
                0x000000000800e370       0x24 buildAA/obj/plot.o
                0x000000000800e370                redraw_frame
 *fill*         0x000000000800e394        0xc 
 .text.plot_init
                0x000000000800e3a0       0x20 buildAA/obj/plot.o
                0x000000000800e3a0                plot_init
 .text.btn_check
                0x000000000800e3c0       0xb0 buildAA/obj/ui.o
 .text.btn_wait_release
                0x000000000800e470       0xe8 buildAA/obj/ui.o
 *fill*         0x000000000800e558        0x8 
 .text.extcb1   0x000000000800e560        0xc buildAA/obj/ui.o
 *fill*         0x000000000800e56c        0x4 
 .text.touch_prepare_sense
                0x000000000800e570       0x40 buildAA/obj/ui.o
 .text.draw_numeric_area_frame
                0x000000000800e5b0       0x3c buildAA/obj/ui.o
 *fill*         0x000000000800e5ec        0x4 
 .text.touch_measure_x
                0x000000000800e5f0       0x50 buildAA/obj/ui.o
 .text.touch_measure_y
                0x000000000800e640       0x50 buildAA/obj/ui.o
 .text.touch_check
                0x000000000800e690       0x84 buildAA/obj/ui.o
 *fill*         0x000000000800e714        0xc 
 .text.draw_numeric_input
                0x000000000800e720      0x18c buildAA/obj/ui.o
 *fill*         0x000000000800e8ac        0x4 
 .text.draw_numeric_area
                0x000000000800e8b0       0x24 buildAA/obj/ui.o
 *fill*         0x000000000800e8d4        0xc 
 .text.draw_keypad
                0x000000000800e8e0       0x90 buildAA/obj/ui.o
 .text.draw_menu_buttons
                0x000000000800e970      0x284 buildAA/obj/ui.o
 *fill*         0x000000000800ebf4        0xc 
 .text.ui_mode_menu
                0x000000000800ec00       0x70 buildAA/obj/ui.o
 .text.menu_cal2_cb
                0x000000000800ec70       0x44 buildAA/obj/ui.o
 *fill*         0x000000000800ecb4        0xc 
 .text.menu_push_submenu
                0x000000000800ecc0       0x6c buildAA/obj/ui.o
 *fill*         0x000000000800ed2c        0x4 
 .text.menu_calop_cb
                0x000000000800ed30       0x60 buildAA/obj/ui.o
 .text.ui_mode_keypad
                0x000000000800ed90       0x90 buildAA/obj/ui.o
 .text.keypad_click
                0x000000000800ee20      0x1cc buildAA/obj/ui.o
 *fill*         0x000000000800efec        0x4 
 .text.active_marker_select.part.0
                0x000000000800eff0       0x34 buildAA/obj/ui.o
 *fill*         0x000000000800f024        0xc 
 .text.active_marker_select
                0x000000000800f030       0x40 buildAA/obj/ui.o
 .text.menu_marker_sel_cb
                0x000000000800f070       0xbc buildAA/obj/ui.o
 *fill*         0x000000000800f12c        0x4 
 .text.leave_ui_mode
                0x000000000800f130       0x4c buildAA/obj/ui.o
 *fill*         0x000000000800f17c        0x4 
 .text.ui_mode_normal.part.2
                0x000000000800f180       0x28 buildAA/obj/ui.o
 *fill*         0x000000000800f1a8        0x8 
 .text.menu_marker_op_cb
                0x000000000800f1b0       0xc4 buildAA/obj/ui.o
 *fill*         0x000000000800f274        0xc 
 .text.menu_format2_cb
                0x000000000800f280       0x80 buildAA/obj/ui.o
 .text.menu_format_cb
                0x000000000800f300       0x70 buildAA/obj/ui.o
 .text.ui_process_keypad
                0x000000000800f370      0x16c buildAA/obj/ui.o
 *fill*         0x000000000800f4dc        0x4 
 .text.menu_transform_window_cb
                0x000000000800f4e0       0x60 buildAA/obj/ui.o
 .text.ui_mode_numeric.part.4
                0x000000000800f540      0x138 buildAA/obj/ui.o
 *fill*         0x000000000800f678        0x8 
 .text.menu_transform_cb
                0x000000000800f680       0xac buildAA/obj/ui.o
 *fill*         0x000000000800f72c        0x4 
 .text.menu_scale_cb
                0x000000000800f730       0x64 buildAA/obj/ui.o
 *fill*         0x000000000800f794        0xc 
 .text.menu_move_back
                0x000000000800f7a0       0x70 buildAA/obj/ui.o
 .text.menu_caldone_cb
                0x000000000800f810       0x1c buildAA/obj/ui.o
 *fill*         0x000000000800f82c        0x4 
 .text.menu_recall_cb
                0x000000000800f830       0x30 buildAA/obj/ui.o
 .text.menu_save_cb
                0x000000000800f860       0x2c buildAA/obj/ui.o
 *fill*         0x000000000800f88c        0x4 
 .text.menu_channel_cb
                0x000000000800f890       0x30 buildAA/obj/ui.o
 .text.menu_invoke
                0x000000000800f8c0       0x58 buildAA/obj/ui.o
 *fill*         0x000000000800f918        0x8 
 .text.menu_trace_cb
                0x000000000800f920       0x78 buildAA/obj/ui.o
 *fill*         0x000000000800f998        0x8 
 .text.menu_stimulus_cb
                0x000000000800f9a0       0x54 buildAA/obj/ui.o
 *fill*         0x000000000800f9f4        0xc 
 .text.touch_start_watchdog
                0x000000000800fa00       0x14 buildAA/obj/ui.o
                0x000000000800fa00                touch_start_watchdog
 *fill*         0x000000000800fa14        0xc 
 .text.touch_cal_exec
                0x000000000800fa20      0x10c buildAA/obj/ui.o
                0x000000000800fa20                touch_cal_exec
 *fill*         0x000000000800fb2c        0x4 
 .text.touch_draw_test
                0x000000000800fb30       0xfc buildAA/obj/ui.o
                0x000000000800fb30                touch_draw_test
 *fill*         0x000000000800fc2c        0x4 
 .text.touch_position
                0x000000000800fc30       0x48 buildAA/obj/ui.o
                0x000000000800fc30                touch_position
 *fill*         0x000000000800fc78        0x8 
 .text.show_logo
                0x000000000800fc80      0x11c buildAA/obj/ui.o
                0x000000000800fc80                show_logo
 *fill*         0x000000000800fd9c        0x4 
 .text.show_version
                0x000000000800fda0       0x34 buildAA/obj/ui.o
                0x000000000800fda0                show_version
 *fill*         0x000000000800fdd4        0xc 
 .text.menu_config_cb
                0x000000000800fde0       0x60 buildAA/obj/ui.o
 .text.enter_dfu
                0x000000000800fe40       0x70 buildAA/obj/ui.o
                0x000000000800fe40                enter_dfu
 .text.menu_dfu_cb
                0x000000000800feb0        0xc buildAA/obj/ui.o
 *fill*         0x000000000800febc        0x4 
 .text.ui_process
                0x000000000800fec0      0x480 buildAA/obj/ui.o
                0x000000000800fec0                ui_process
 .text.handle_touch_interrupt
                0x0000000008010340        0xc buildAA/obj/ui.o
                0x0000000008010340                handle_touch_interrupt
 *fill*         0x000000000801034c        0x4 
 .text.ui_init  0x0000000008010350       0x4c buildAA/obj/ui.o
                0x0000000008010350                ui_init
 *fill*         0x000000000801039c        0x4 
 .text.spi_lld_serve_tx_interrupt
                0x00000000080103a0        0x4 buildAA/obj/ili9341.o
 *fill*         0x00000000080103a4        0xc 
 .text.send_command
                0x00000000080103b0       0x5c buildAA/obj/ili9341.o
 *fill*         0x000000000801040c        0x4 
 .text.ssp_sendrecvdata.constprop.3
                0x0000000008010410       0x3c buildAA/obj/ili9341.o
 *fill*         0x000000000801044c        0x4 
 .text.ili9341_read_memory_raw
                0x0000000008010450       0x90 buildAA/obj/ili9341.o
 .text.ili9341_init
                0x00000000080104e0       0xec buildAA/obj/ili9341.o
                0x00000000080104e0                ili9341_init
 *fill*         0x00000000080105cc        0x4 
 .text.ili9341_fill
                0x00000000080105d0       0x98 buildAA/obj/ili9341.o
                0x00000000080105d0                ili9341_fill
 *fill*         0x0000000008010668        0x8 
 .text.ili9341_bulk
                0x0000000008010670       0xb4 buildAA/obj/ili9341.o
                0x0000000008010670                ili9341_bulk
 *fill*         0x0000000008010724        0xc 
 .text.ili9341_read_memory
                0x0000000008010730       0x74 buildAA/obj/ili9341.o
                0x0000000008010730                ili9341_read_memory
 *fill*         0x00000000080107a4        0xc 
 .text.ili9341_read_memory_continue
                0x00000000080107b0       0x24 buildAA/obj/ili9341.o
                0x00000000080107b0                ili9341_read_memory_continue
 *fill*         0x00000000080107d4        0xc 
 .text.ili9341_drawchar_7x13
                0x00000000080107e0       0x68 buildAA/obj/ili9341.o
                0x00000000080107e0                ili9341_drawchar_7x13
 *fill*         0x0000000008010848        0x8 
 .text.ili9341_drawstring_7x13
                0x0000000008010850       0x50 buildAA/obj/ili9341.o
                0x0000000008010850                ili9341_drawstring_7x13
 .text.ili9341_drawchar_size
                0x00000000080108a0       0xd8 buildAA/obj/ili9341.o
                0x00000000080108a0                ili9341_drawchar_size
 *fill*         0x0000000008010978        0x8 
 .text.ili9341_drawstring_size
                0x0000000008010980       0x68 buildAA/obj/ili9341.o
                0x0000000008010980                ili9341_drawstring_size
 *fill*         0x00000000080109e8        0x8 
 .text.ili9341_line
                0x00000000080109f0       0xdc buildAA/obj/ili9341.o
                0x00000000080109f0                ili9341_line
 *fill*         0x0000000008010acc        0x4 
 .text.ili9341_drawfont
                0x0000000008010ad0       0xcc buildAA/obj/ili9341.o
                0x0000000008010ad0                ili9341_drawfont
 *fill*         0x0000000008010b9c        0x4 
 .text.flash_erase_page0
                0x0000000008010ba0       0x34 buildAA/obj/flash.o
 *fill*         0x0000000008010bd4        0xc 
 .text.config_save
                0x0000000008010be0       0x8c buildAA/obj/flash.o
                0x0000000008010be0                config_save
 *fill*         0x0000000008010c6c        0x4 
 .text.config_recall
                0x0000000008010c70       0x54 buildAA/obj/flash.o
                0x0000000008010c70                config_recall
 *fill*         0x0000000008010cc4        0xc 
 .text.caldata_save
                0x0000000008010cd0      0x110 buildAA/obj/flash.o
                0x0000000008010cd0                caldata_save
 .text.caldata_recall
                0x0000000008010de0       0x78 buildAA/obj/flash.o
                0x0000000008010de0                caldata_recall
 *fill*         0x0000000008010e58        0x8 
 .text.caldata_ref
                0x0000000008010e60       0x60 buildAA/obj/flash.o
                0x0000000008010e60                caldata_ref
 .text.clear_all_config_prop_data
                0x0000000008010ec0       0x3c buildAA/obj/flash.o
                0x0000000008010ec0                clear_all_config_prop_data
 *fill*         0x0000000008010efc        0x4 
 .text.adc_init
                0x0000000008010f00       0x78 buildAA/obj/adc.o
                0x0000000008010f00                adc_init
 *fill*         0x0000000008010f78        0x8 
 .text.adc_single_read
                0x0000000008010f80       0x28 buildAA/obj/adc.o
                0x0000000008010f80                adc_single_read
 *fill*         0x0000000008010fa8        0x8 
 .text.adc_vbat_read
                0x0000000008010fb0       0xd8 buildAA/obj/adc.o
                0x0000000008010fb0                adc_vbat_read
 *fill*         0x0000000008011088        0x8 
 .text.adc_start_analog_watchdogd
                0x0000000008011090       0x28 buildAA/obj/adc.o
                0x0000000008011090                adc_start_analog_watchdogd
 *fill*         0x00000000080110b8        0x8 
 .text.adc_stop
                0x00000000080110c0       0x1c buildAA/obj/adc.o
                0x00000000080110c0                adc_stop
 *fill*         0x00000000080110dc        0x4 
 .text.Vector70
                0x00000000080110e0       0x20 buildAA/obj/adc.o
                0x00000000080110e0                Vector70
 .text.cos      0x0000000008011100       0x8c /opt/nanovna/gcc-arm-none-eabi-8-2018-q4-major/bin/../lib/gcc/arm-none-eabi/8.2.1/../../../../arm-none-eabi/lib/thumb/v6-m/nofp/libm.a(lib_a-s_cos.o)
                0x0000000008011100                cos
 *fill*         0x000000000801118c        0x4 
 .text.sin      0x0000000008011190       0x90 /opt/nanovna/gcc-arm-none-eabi-8-2018-q4-major/bin/../lib/gcc/arm-none-eabi/8.2.1/../../../../arm-none-eabi/lib/thumb/v6-m/nofp/libm.a(lib_a-s_sin.o)
                0x0000000008011190                sin
 .text.sqrt     0x0000000008011220       0xc8 /opt/nanovna/gcc-arm-none-eabi-8-2018-q4-major/bin/../lib/gcc/arm-none-eabi/8.2.1/../../../../arm-none-eabi/lib/thumb/v6-m/nofp/libm.a(lib_a-w_sqrt.o)
                0x0000000008011220                sqrt
 *fill*         0x00000000080112e8        0x8 
 .text.atan2f   0x00000000080112f0        0x8 /opt/nanovna/gcc-arm-none-eabi-8-2018-q4-major/bin/../lib/gcc/arm-none-eabi/8.2.1/../../../../arm-none-eabi/lib/thumb/v6-m/nofp/libm.a(lib_a-wf_atan2.o)
                0x00000000080112f0                atan2f
 *fill*         0x00000000080112f8        0x8 
 .text.log10f   0x0000000008011300       0xfc /opt/nanovna/gcc-arm-none-eabi-8-2018-q4-major/bin/../lib/gcc/arm-none-eabi/8.2.1/../../../../arm-none-eabi/lib/thumb/v6-m/nofp/libm.a(lib_a-wf_log10.o)
                0x0000000008011300                log10f
 *fill*         0x00000000080113fc        0x4 
 .text.sqrtf    0x0000000008011400       0xac /opt/nanovna/gcc-arm-none-eabi-8-2018-q4-major/bin/../lib/gcc/arm-none-eabi/8.2.1/../../../../arm-none-eabi/lib/thumb/v6-m/nofp/libm.a(lib_a-wf_sqrt.o)
                0x0000000008011400                sqrtf
 *fill*         0x00000000080114ac        0x4 
 .text.__ieee754_rem_pio2
                0x00000000080114b0      0x418 /opt/nanovna/gcc-arm-none-eabi-8-2018-q4-major/bin/../lib/gcc/arm-none-eabi/8.2.1/../../../../arm-none-eabi/lib/thumb/v6-m/nofp/libm.a(lib_a-e_rem_pio2.o)
                0x00000000080114b0                __ieee754_rem_pio2
 *fill*         0x00000000080118c8        0x8 
 .text.__ieee754_sqrt
                0x00000000080118d0      0x1bc /opt/nanovna/gcc-arm-none-eabi-8-2018-q4-major/bin/../lib/gcc/arm-none-eabi/8.2.1/../../../../arm-none-eabi/lib/thumb/v6-m/nofp/libm.a(lib_a-e_sqrt.o)
                0x00000000080118d0                __ieee754_sqrt
 *fill*         0x0000000008011a8c        0x4 
 .text.__ieee754_atan2f
                0x0000000008011a90      0x120 /opt/nanovna/gcc-arm-none-eabi-8-2018-q4-major/bin/../lib/gcc/arm-none-eabi/8.2.1/../../../../arm-none-eabi/lib/thumb/v6-m/nofp/libm.a(lib_a-ef_atan2.o)
                0x0000000008011a90                __ieee754_atan2f
 .text.__ieee754_log10f
                0x0000000008011bb0       0xb0 /opt/nanovna/gcc-arm-none-eabi-8-2018-q4-major/bin/../lib/gcc/arm-none-eabi/8.2.1/../../../../arm-none-eabi/lib/thumb/v6-m/nofp/libm.a(lib_a-ef_log10.o)
                0x0000000008011bb0                __ieee754_log10f
 .text.__ieee754_sqrtf
                0x0000000008011c60       0xb4 /opt/nanovna/gcc-arm-none-eabi-8-2018-q4-major/bin/../lib/gcc/arm-none-eabi/8.2.1/../../../../arm-none-eabi/lib/thumb/v6-m/nofp/libm.a(lib_a-ef_sqrt.o)
                0x0000000008011c60                __ieee754_sqrtf
 *fill*         0x0000000008011d14        0xc 
 .text.__kernel_cos
                0x0000000008011d20      0x234 /opt/nanovna/gcc-arm-none-eabi-8-2018-q4-major/bin/../lib/gcc/arm-none-eabi/8.2.1/../../../../arm-none-eabi/lib/thumb/v6-m/nofp/libm.a(lib_a-k_cos.o)
                0x0000000008011d20                __kernel_cos
 *fill*         0x0000000008011f54        0xc 
 .text.__kernel_rem_pio2
                0x0000000008011f60      0x8b4 /opt/nanovna/gcc-arm-none-eabi-8-2018-q4-major/bin/../lib/gcc/arm-none-eabi/8.2.1/../../../../arm-none-eabi/lib/thumb/v6-m/nofp/libm.a(lib_a-k_rem_pio2.o)
                0x0000000008011f60                __kernel_rem_pio2
 *fill*         0x0000000008012814        0xc 
 .text.__kernel_sin
                0x0000000008012820      0x168 /opt/nanovna/gcc-arm-none-eabi-8-2018-q4-major/bin/../lib/gcc/arm-none-eabi/8.2.1/../../../../arm-none-eabi/lib/thumb/v6-m/nofp/libm.a(lib_a-k_sin.o)
                0x0000000008012820                __kernel_sin
 *fill*         0x0000000008012988        0x8 
 .text.fabs     0x0000000008012990        0x8 /opt/nanovna/gcc-arm-none-eabi-8-2018-q4-major/bin/../lib/gcc/arm-none-eabi/8.2.1/../../../../arm-none-eabi/lib/thumb/v6-m/nofp/libm.a(lib_a-s_fabs.o)
                0x0000000008012990                fabs
 *fill*         0x0000000008012998        0x8 
 .text.floor    0x00000000080129a0      0x118 /opt/nanovna/gcc-arm-none-eabi-8-2018-q4-major/bin/../lib/gcc/arm-none-eabi/8.2.1/../../../../arm-none-eabi/lib/thumb/v6-m/nofp/libm.a(lib_a-s_floor.o)
                0x00000000080129a0                floor
 *fill*         0x0000000008012ab8        0x8 
 .text.matherr  0x0000000008012ac0        0x4 /opt/nanovna/gcc-arm-none-eabi-8-2018-q4-major/bin/../lib/gcc/arm-none-eabi/8.2.1/../../../../arm-none-eabi/lib/thumb/v6-m/nofp/libm.a(lib_a-s_matherr.o)
                0x0000000008012ac0                matherr
 *fill*         0x0000000008012ac4        0xc 
 .text.nan      0x0000000008012ad0        0xc /opt/nanovna/gcc-arm-none-eabi-8-2018-q4-major/bin/../lib/gcc/arm-none-eabi/8.2.1/../../../../arm-none-eabi/lib/thumb/v6-m/nofp/libm.a(lib_a-s_nan.o)
                0x0000000008012ad0                nan
 *fill*         0x0000000008012adc        0x4 
 .text.scalbn   0x0000000008012ae0       0xf8 /opt/nanovna/gcc-arm-none-eabi-8-2018-q4-major/bin/../lib/gcc/arm-none-eabi/8.2.1/../../../../arm-none-eabi/lib/thumb/v6-m/nofp/libm.a(lib_a-s_scalbn.o)
                0x0000000008012ae0                scalbn
 *fill*         0x0000000008012bd8        0x8 
 .text.atanf    0x0000000008012be0      0x228 /opt/nanovna/gcc-arm-none-eabi-8-2018-q4-major/bin/../lib/gcc/arm-none-eabi/8.2.1/../../../../arm-none-eabi/lib/thumb/v6-m/nofp/libm.a(lib_a-sf_atan.o)
                0x0000000008012be0                atanf
 *fill*         0x0000000008012e08        0x8 
 .text.fabsf    0x0000000008012e10        0x8 /opt/nanovna/gcc-arm-none-eabi-8-2018-q4-major/bin/../lib/gcc/arm-none-eabi/8.2.1/../../../../arm-none-eabi/lib/thumb/v6-m/nofp/libm.a(lib_a-sf_fabs.o)
                0x0000000008012e10                fabsf
 *fill*         0x0000000008012e18        0x8 
 .text.__ieee754_logf
                0x0000000008012e20      0x290 /opt/nanovna/gcc-arm-none-eabi-8-2018-q4-major/bin/../lib/gcc/arm-none-eabi/8.2.1/../../../../arm-none-eabi/lib/thumb/v6-m/nofp/libm.a(lib_a-ef_log.o)
                0x0000000008012e20                __ieee754_logf
 .text.atoi     0x00000000080130b0        0xc /opt/nanovna/gcc-arm-none-eabi-8-2018-q4-major/bin/../lib/gcc/arm-none-eabi/8.2.1/../../../../arm-none-eabi/lib/thumb/v6-m/nofp/libg_nano.a(lib_a-atoi.o)
                0x00000000080130b0                atoi
 *fill*         0x00000000080130bc        0x4 
 .text.__errno  0x00000000080130c0        0xc /opt/nanovna/gcc-arm-none-eabi-8-2018-q4-major/bin/../lib/gcc/arm-none-eabi/8.2.1/../../../../arm-none-eabi/lib/thumb/v6-m/nofp/libg_nano.a(lib_a-errno.o)
                0x00000000080130c0                __errno
 *fill*         0x00000000080130cc        0x4 
 .text.memcpy   0x00000000080130d0       0x12 /opt/nanovna/gcc-arm-none-eabi-8-2018-q4-major/bin/../lib/gcc/arm-none-eabi/8.2.1/../../../../arm-none-eabi/lib/thumb/v6-m/nofp/libg_nano.a(lib_a-memcpy-stub.o)
                0x00000000080130d0                memcpy
 *fill*         0x00000000080130e2        0xe 
 .text.memset   0x00000000080130f0       0x10 /opt/nanovna/gcc-arm-none-eabi-8-2018-q4-major/bin/../lib/gcc/arm-none-eabi/8.2.1/../../../../arm-none-eabi/lib/thumb/v6-m/nofp/libg_nano.a(lib_a-memset.o)
                0x00000000080130f0                memset
 .text.strchr   0x0000000008013100       0x1c /opt/nanovna/gcc-arm-none-eabi-8-2018-q4-major/bin/../lib/gcc/arm-none-eabi/8.2.1/../../../../arm-none-eabi/lib/thumb/v6-m/nofp/libg_nano.a(lib_a-strchr.o)
                0x0000000008013100                strchr
 *fill*         0x000000000801311c        0x4 
 .text.strpbrk  0x0000000008013120       0x34 /opt/nanovna/gcc-arm-none-eabi-8-2018-q4-major/bin/../lib/gcc/arm-none-eabi/8.2.1/../../../../arm-none-eabi/lib/thumb/v6-m/nofp/libg_nano.a(lib_a-strpbrk.o)
                0x0000000008013120                strpbrk
 *fill*         0x0000000008013154        0xc 
 .text.strspn   0x0000000008013160       0x22 /opt/nanovna/gcc-arm-none-eabi-8-2018-q4-major/bin/../lib/gcc/arm-none-eabi/8.2.1/../../../../arm-none-eabi/lib/thumb/v6-m/nofp/libg_nano.a(lib_a-strspn.o)
                0x0000000008013160                strspn
 *fill*         0x0000000008013182        0xe 
 .text._strtol_l.isra.0
                0x0000000008013190       0xfc /opt/nanovna/gcc-arm-none-eabi-8-2018-q4-major/bin/../lib/gcc/arm-none-eabi/8.2.1/../../../../arm-none-eabi/lib/thumb/v6-m/nofp/libg_nano.a(lib_a-strtol.o)
 *fill*         0x000000000801328c        0x4 
 .text.strtol   0x0000000008013290       0x18 /opt/nanovna/gcc-arm-none-eabi-8-2018-q4-major/bin/../lib/gcc/arm-none-eabi/8.2.1/../../../../arm-none-eabi/lib/thumb/v6-m/nofp/libg_nano.a(lib_a-strtol.o)
                0x0000000008013290                strtol
 *(.glue_7t)
 .glue_7t       0x00000000080132a8        0x0 linker stubs
 *(.glue_7)
 .glue_7        0x00000000080132a8        0x0 linker stubs
 *(.gcc*)

.vfp11_veneer   0x00000000080132a8        0x0
 .vfp11_veneer  0x00000000080132a8        0x0 linker stubs

.v4_bx          0x00000000080132a8        0x0
 .v4_bx         0x00000000080132a8        0x0 linker stubs

.iplt           0x00000000080132a8        0x0
 .iplt          0x00000000080132a8        0x0 buildAA/obj/crt0_v6m.o

.rodata         0x00000000080132a8     0x3aac
                0x00000000080132a8                . = ALIGN (0x4)
                0x00000000080132a8                __rodata_base__ = .
 *(.rodata)
 .rodata        0x00000000080132a8       0x24 buildAA/obj/main.o
 .rodata        0x00000000080132cc       0x16 buildAA/obj/tlv320aic3204.o
 *fill*         0x00000000080132e2        0x2 
 .rodata        0x00000000080132e4       0xda buildAA/obj/ui.o
 *fill*         0x00000000080133be        0x2 
 .rodata        0x00000000080133c0       0xac /opt/nanovna/gcc-arm-none-eabi-8-2018-q4-major/bin/../lib/gcc/arm-none-eabi/8.2.1/thumb/v6-m/nofp/libgcc.a(divsf3.o)